#! /foss/tools/iverilog/bin/vvp
:ivl_version "13.0 (devel)" "(s20250103-26-gb0c57ab1-dirty)";
:ivl_delay_selection "TYPICAL";
:vpi_time_precision - 12;
:vpi_module "/foss/tools/iverilog/lib/ivl/system.vpi";
:vpi_module "/foss/tools/iverilog/lib/ivl/vhdl_sys.vpi";
:vpi_module "/foss/tools/iverilog/lib/ivl/vhdl_textio.vpi";
:vpi_module "/foss/tools/iverilog/lib/ivl/v2005_math.vpi";
:vpi_module "/foss/tools/iverilog/lib/ivl/va_math.vpi";
:vpi_module "/foss/tools/iverilog/lib/ivl/v2009.vpi";
S_0x555af6a18330 .scope package, "$unit" "$unit" 2 1;
 .timescale 0 0;
S_0x555af6a19470 .scope module, "test_nlfsr" "test_nlfsr" 3 1;
 .timescale -9 -12;
P_0x555af69be180 .param/l "CLK_PERIOD" 1 3 57, +C4<00000000000000000000000000001010>;
v0x555af6a3bcb0_0 .net "a0_1", 0 0, L_0x555af6a3da20;  1 drivers
v0x555af6a3bd70_0 .net "b0_2", 0 0, L_0x555af6a3e7e0;  1 drivers
v0x555af6a3be40_0 .var "clk", 0 0;
v0x555af6a3bf10_0 .var "d1", 0 0;
v0x555af6a3c000_0 .var "d2", 0 0;
v0x555af6a3c140_0 .var "d3", 4 0;
v0x555af6a3c230_0 .var "init1", 0 0;
v0x555af6a3c320_0 .var "init2", 0 0;
v0x555af6a3c410_0 .var "init3", 0 0;
v0x555af6a3c4b0_0 .var "load1", 0 0;
v0x555af6a3c550_0 .var "load2", 0 0;
v0x555af6a3c640_0 .var "load3", 0 0;
v0x555af6a3c730_0 .var "nlfsr3_ce1", 0 0;
v0x555af6a3c820_0 .var "nlfsr3_ce2", 0 0;
v0x555af6a3c910_0 .var "nlfsr3_ce3", 0 0;
v0x555af6a3c9b0_0 .net "o_warbler3", 0 0, L_0x555af6a40860;  1 drivers
v0x555af6a3caa0_0 .var "rst", 0 0;
v0x555af6a3cc50_0 .var "tk", 4 0;
v0x555af6a3ccf0_0 .var "warbler_o1", 0 0;
v0x555af6a3cd90_0 .var "warbler_o2", 0 0;
S_0x555af6a20ce0 .scope module, "NLFSR1" "NLFSR1" 3 22, 4 1 0, S_0x555af6a19470;
 .timescale -9 -12;
    .port_info 0 /INPUT 1 "clk";
    .port_info 1 /INPUT 1 "rst";
    .port_info 2 /INPUT 1 "warbler_o";
    .port_info 3 /INPUT 1 "nlfsr3_ce";
    .port_info 4 /INPUT 1 "d1";
    .port_info 5 /INPUT 1 "init";
    .port_info 6 /INPUT 1 "load";
    .port_info 7 /OUTPUT 1 "a0";
L_0x555af6a22250 .functor XOR 1, L_0x555af6a17e70, v0x555af6a3ccf0_0, C4<0>, C4<0>;
L_0x555af6a17e70 .functor XOR 1, L_0x555af6a3d8f0, L_0x555af6a3d190, C4<0>, C4<0>;
v0x555af6a33830_0 .net *"_ivl_11", 0 0, L_0x555af6a3d590;  1 drivers
v0x555af6a33910_0 .net *"_ivl_17", 0 0, L_0x555af6a3d8f0;  1 drivers
v0x555af6a339f0_0 .net *"_ivl_3", 0 0, L_0x555af6a3d230;  1 drivers
v0x555af6a33ae0_0 .net *"_ivl_5", 0 0, L_0x555af6a3d2d0;  1 drivers
v0x555af6a33bc0_0 .net *"_ivl_7", 0 0, L_0x555af6a3d3c0;  1 drivers
v0x555af6a33cf0_0 .net *"_ivl_9", 0 0, L_0x555af6a3d460;  1 drivers
v0x555af6a33dd0_0 .var "a", 16 0;
v0x555af6a33eb0_0 .net "a0", 0 0, L_0x555af6a3da20;  alias, 1 drivers
v0x555af6a33f70_0 .net "clk", 0 0, v0x555af6a3be40_0;  1 drivers
v0x555af6a34030_0 .net "d1", 0 0, v0x555af6a3bf10_0;  1 drivers
v0x555af6a340d0_0 .net "init", 0 0, v0x555af6a3c230_0;  1 drivers
v0x555af6a341a0_0 .net "load", 0 0, v0x555af6a3c4b0_0;  1 drivers
v0x555af6a34270_0 .net "mux0_in", 0 0, L_0x555af6a22250;  1 drivers
v0x555af6a34340_0 .net "mux0_o", 0 0, L_0x555af6a3ce30;  1 drivers
v0x555af6a343e0_0 .net "mux1_in", 0 0, L_0x555af6a17e70;  1 drivers
v0x555af6a34480_0 .net "mux1_o", 0 0, L_0x555af6a3cf70;  1 drivers
v0x555af6a34570_0 .net "mux2_o", 0 0, L_0x555af6a3d060;  1 drivers
v0x555af6a34610_0 .net "nlfsr3_ce", 0 0, v0x555af6a3c730_0;  1 drivers
v0x555af6a346e0_0 .net "rst", 0 0, v0x555af6a3caa0_0;  1 drivers
v0x555af6a34780_0 .net "warbler_o", 0 0, v0x555af6a3ccf0_0;  1 drivers
v0x555af6a34820_0 .net "wgt1_5o", 0 0, L_0x555af6a3d190;  1 drivers
E_0x555af69873e0 .event posedge, v0x555af6a346e0_0, v0x555af6a33f70_0;
L_0x555af6a3d230 .part v0x555af6a33dd0_0, 15, 1;
L_0x555af6a3d2d0 .part v0x555af6a33dd0_0, 10, 1;
L_0x555af6a3d3c0 .part v0x555af6a33dd0_0, 8, 1;
L_0x555af6a3d460 .part v0x555af6a33dd0_0, 7, 1;
L_0x555af6a3d590 .part v0x555af6a33dd0_0, 4, 1;
LS_0x555af6a3d630_0_0 .concat [ 1 1 1 1], L_0x555af6a3d590, L_0x555af6a3d460, L_0x555af6a3d3c0, L_0x555af6a3d2d0;
LS_0x555af6a3d630_0_4 .concat [ 1 0 0 0], L_0x555af6a3d230;
L_0x555af6a3d630 .concat [ 4 1 0 0], LS_0x555af6a3d630_0_0, LS_0x555af6a3d630_0_4;
L_0x555af6a3d8f0 .part v0x555af6a33dd0_0, 0, 1;
L_0x555af6a3da20 .part v0x555af6a33dd0_0, 0, 1;
S_0x555af6a18d00 .scope module, "mux0" "mux2to1" 4 16, 5 1 0, S_0x555af6a20ce0;
 .timescale -9 -12;
    .port_info 0 /INPUT 1 "sel";
    .port_info 1 /INPUT 1 "a";
    .port_info 2 /INPUT 1 "b";
    .port_info 3 /OUTPUT 1 "y";
L_0x7eff65ca7018 .functor BUFT 1, C4<0>, C4<0>, C4<0>, C4<0>;
v0x555af6a22360_0 .net "a", 0 0, L_0x7eff65ca7018;  1 drivers
v0x555af6a22460_0 .net "b", 0 0, L_0x555af6a22250;  alias, 1 drivers
v0x555af6a17f40_0 .net "sel", 0 0, v0x555af6a3c730_0;  alias, 1 drivers
v0x555af6a17fe0_0 .net "y", 0 0, L_0x555af6a3ce30;  alias, 1 drivers
L_0x555af6a3ce30 .functor MUXZ 1, L_0x7eff65ca7018, L_0x555af6a22250, v0x555af6a3c730_0, C4<>;
S_0x555af6a32860 .scope module, "mux1" "mux2to1" 4 17, 5 1 0, S_0x555af6a20ce0;
 .timescale -9 -12;
    .port_info 0 /INPUT 1 "sel";
    .port_info 1 /INPUT 1 "a";
    .port_info 2 /INPUT 1 "b";
    .port_info 3 /OUTPUT 1 "y";
v0x555af695e340_0 .net "a", 0 0, L_0x555af6a17e70;  alias, 1 drivers
v0x555af6a32a80_0 .net "b", 0 0, L_0x555af6a3ce30;  alias, 1 drivers
v0x555af6a32b40_0 .net "sel", 0 0, v0x555af6a3c230_0;  alias, 1 drivers
v0x555af6a32c10_0 .net "y", 0 0, L_0x555af6a3cf70;  alias, 1 drivers
L_0x555af6a3cf70 .functor MUXZ 1, L_0x555af6a17e70, L_0x555af6a3ce30, v0x555af6a3c230_0, C4<>;
S_0x555af6a32d40 .scope module, "mux2" "mux2to1" 4 18, 5 1 0, S_0x555af6a20ce0;
 .timescale -9 -12;
    .port_info 0 /INPUT 1 "sel";
    .port_info 1 /INPUT 1 "a";
    .port_info 2 /INPUT 1 "b";
    .port_info 3 /OUTPUT 1 "y";
v0x555af6a32f50_0 .net "a", 0 0, L_0x555af6a3cf70;  alias, 1 drivers
v0x555af6a33020_0 .net "b", 0 0, v0x555af6a3bf10_0;  alias, 1 drivers
v0x555af6a330c0_0 .net "sel", 0 0, v0x555af6a3c4b0_0;  alias, 1 drivers
v0x555af6a33190_0 .net "y", 0 0, L_0x555af6a3d060;  alias, 1 drivers
L_0x555af6a3d060 .functor MUXZ 1, L_0x555af6a3cf70, v0x555af6a3bf10_0, v0x555af6a3c4b0_0, C4<>;
S_0x555af6a33300 .scope module, "wlut" "WGT1_5" 4 19, 6 2 0, S_0x555af6a20ce0;
 .timescale -9 -12;
    .port_info 0 /INPUT 5 "address";
    .port_info 1 /OUTPUT 1 "wgt1_5o";
v0x555af6a33550_0 .var "LUT", 31 0;
v0x555af6a33650_0 .net "address", 4 0, L_0x555af6a3d630;  1 drivers
v0x555af6a33730_0 .net "wgt1_5o", 0 0, L_0x555af6a3d190;  alias, 1 drivers
L_0x555af6a3d190 .part/v v0x555af6a33550_0, L_0x555af6a3d630, 1;
S_0x555af6a34980 .scope module, "NLFSR2" "NLFSR2" 3 34, 7 1 0, S_0x555af6a19470;
 .timescale -9 -12;
    .port_info 0 /INPUT 1 "clk";
    .port_info 1 /INPUT 1 "rst";
    .port_info 2 /INPUT 1 "warbler_o";
    .port_info 3 /INPUT 1 "nlfsr3_ce";
    .port_info 4 /INPUT 1 "d2";
    .port_info 5 /INPUT 1 "init";
    .port_info 6 /INPUT 1 "load";
    .port_info 7 /OUTPUT 1 "b0";
L_0x555af69e52e0 .functor XOR 1, L_0x555af69e4ef0, v0x555af6a3cd90_0, C4<0>, C4<0>;
L_0x555af69e4ef0 .functor XOR 1, L_0x555af6a3e6b0, L_0x555af6a3df50, C4<0>, C4<0>;
v0x555af6a36320_0 .net *"_ivl_11", 0 0, L_0x555af6a3e350;  1 drivers
v0x555af6a36400_0 .net *"_ivl_17", 0 0, L_0x555af6a3e6b0;  1 drivers
v0x555af6a364e0_0 .net *"_ivl_3", 0 0, L_0x555af6a3dff0;  1 drivers
v0x555af6a365d0_0 .net *"_ivl_5", 0 0, L_0x555af6a3e090;  1 drivers
v0x555af6a366b0_0 .net *"_ivl_7", 0 0, L_0x555af6a3e180;  1 drivers
v0x555af6a367e0_0 .net *"_ivl_9", 0 0, L_0x555af6a3e220;  1 drivers
v0x555af6a368c0_0 .var "b", 15 0;
v0x555af6a369a0_0 .net "b0", 0 0, L_0x555af6a3e7e0;  alias, 1 drivers
v0x555af6a36a60_0 .net "clk", 0 0, v0x555af6a3be40_0;  alias, 1 drivers
v0x555af6a36b90_0 .net "d2", 0 0, v0x555af6a3c000_0;  1 drivers
v0x555af6a36c60_0 .net "init", 0 0, v0x555af6a3c320_0;  1 drivers
v0x555af6a36d30_0 .net "load", 0 0, v0x555af6a3c550_0;  1 drivers
v0x555af6a36e00_0 .net "mux0_in", 0 0, L_0x555af69e52e0;  1 drivers
v0x555af6a36ed0_0 .net "mux0_o", 0 0, L_0x555af6a3db60;  1 drivers
v0x555af6a36f70_0 .net "mux1_in", 0 0, L_0x555af69e4ef0;  1 drivers
v0x555af6a37010_0 .net "mux1_o", 0 0, L_0x555af6a3dca0;  1 drivers
v0x555af6a37100_0 .net "mux2_o", 0 0, L_0x555af6a3de20;  1 drivers
v0x555af6a372b0_0 .net "nlfsr3_ce", 0 0, v0x555af6a3c820_0;  1 drivers
v0x555af6a37380_0 .net "rst", 0 0, v0x555af6a3caa0_0;  alias, 1 drivers
v0x555af6a37450_0 .net "warbler_o", 0 0, v0x555af6a3cd90_0;  1 drivers
v0x555af6a374f0_0 .net "wgt1_5o", 0 0, L_0x555af6a3df50;  1 drivers
L_0x555af6a3dff0 .part v0x555af6a368c0_0, 12, 1;
L_0x555af6a3e090 .part v0x555af6a368c0_0, 9, 1;
L_0x555af6a3e180 .part v0x555af6a368c0_0, 8, 1;
L_0x555af6a3e220 .part v0x555af6a368c0_0, 7, 1;
L_0x555af6a3e350 .part v0x555af6a368c0_0, 4, 1;
LS_0x555af6a3e3f0_0_0 .concat [ 1 1 1 1], L_0x555af6a3e350, L_0x555af6a3e220, L_0x555af6a3e180, L_0x555af6a3e090;
LS_0x555af6a3e3f0_0_4 .concat [ 1 0 0 0], L_0x555af6a3dff0;
L_0x555af6a3e3f0 .concat [ 4 1 0 0], LS_0x555af6a3e3f0_0_0, LS_0x555af6a3e3f0_0_4;
L_0x555af6a3e6b0 .part v0x555af6a368c0_0, 0, 1;
L_0x555af6a3e7e0 .part v0x555af6a368c0_0, 0, 1;
S_0x555af6a34c90 .scope module, "mux0" "mux2to1" 7 16, 5 1 0, S_0x555af6a34980;
 .timescale -9 -12;
    .port_info 0 /INPUT 1 "sel";
    .port_info 1 /INPUT 1 "a";
    .port_info 2 /INPUT 1 "b";
    .port_info 3 /OUTPUT 1 "y";
L_0x7eff65ca7060 .functor BUFT 1, C4<0>, C4<0>, C4<0>, C4<0>;
v0x555af6a34ea0_0 .net "a", 0 0, L_0x7eff65ca7060;  1 drivers
v0x555af6a34f80_0 .net "b", 0 0, L_0x555af69e52e0;  alias, 1 drivers
v0x555af6a35040_0 .net "sel", 0 0, v0x555af6a3c820_0;  alias, 1 drivers
v0x555af6a35110_0 .net "y", 0 0, L_0x555af6a3db60;  alias, 1 drivers
L_0x555af6a3db60 .functor MUXZ 1, L_0x7eff65ca7060, L_0x555af69e52e0, v0x555af6a3c820_0, C4<>;
S_0x555af6a35280 .scope module, "mux1" "mux2to1" 7 17, 5 1 0, S_0x555af6a34980;
 .timescale -9 -12;
    .port_info 0 /INPUT 1 "sel";
    .port_info 1 /INPUT 1 "a";
    .port_info 2 /INPUT 1 "b";
    .port_info 3 /OUTPUT 1 "y";
v0x555af6a35480_0 .net "a", 0 0, L_0x555af69e4ef0;  alias, 1 drivers
v0x555af6a35540_0 .net "b", 0 0, L_0x555af6a3db60;  alias, 1 drivers
v0x555af6a35630_0 .net "sel", 0 0, v0x555af6a3c320_0;  alias, 1 drivers
v0x555af6a35700_0 .net "y", 0 0, L_0x555af6a3dca0;  alias, 1 drivers
L_0x555af6a3dca0 .functor MUXZ 1, L_0x555af69e4ef0, L_0x555af6a3db60, v0x555af6a3c320_0, C4<>;
S_0x555af6a35830 .scope module, "mux2" "mux2to1" 7 18, 5 1 0, S_0x555af6a34980;
 .timescale -9 -12;
    .port_info 0 /INPUT 1 "sel";
    .port_info 1 /INPUT 1 "a";
    .port_info 2 /INPUT 1 "b";
    .port_info 3 /OUTPUT 1 "y";
v0x555af6a35a40_0 .net "a", 0 0, L_0x555af6a3dca0;  alias, 1 drivers
v0x555af6a35b10_0 .net "b", 0 0, v0x555af6a3c000_0;  alias, 1 drivers
v0x555af6a35bb0_0 .net "sel", 0 0, v0x555af6a3c550_0;  alias, 1 drivers
v0x555af6a35c80_0 .net "y", 0 0, L_0x555af6a3de20;  alias, 1 drivers
L_0x555af6a3de20 .functor MUXZ 1, L_0x555af6a3dca0, v0x555af6a3c000_0, v0x555af6a3c550_0, C4<>;
S_0x555af6a35df0 .scope module, "wlut" "WGT1_5" 7 19, 6 2 0, S_0x555af6a34980;
 .timescale -9 -12;
    .port_info 0 /INPUT 5 "address";
    .port_info 1 /OUTPUT 1 "wgt1_5o";
v0x555af6a36040_0 .var "LUT", 31 0;
v0x555af6a36140_0 .net "address", 4 0, L_0x555af6a3e3f0;  1 drivers
v0x555af6a36220_0 .net "wgt1_5o", 0 0, L_0x555af6a3df50;  alias, 1 drivers
L_0x555af6a3df50 .part/v v0x555af6a36040_0, L_0x555af6a3e3f0, 1;
S_0x555af6a37610 .scope module, "NLFSR3" "NLFSR3" 3 46, 8 1 0, S_0x555af6a19470;
 .timescale -9 -12;
    .port_info 0 /INPUT 1 "clk";
    .port_info 1 /INPUT 1 "rst";
    .port_info 2 /INPUT 1 "load";
    .port_info 3 /INPUT 1 "init";
    .port_info 4 /INPUT 1 "nlfsr3_ce";
    .port_info 5 /INPUT 5 "d3";
    .port_info 6 /INPUT 5 "tk";
    .port_info 7 /OUTPUT 1 "o_warbler";
L_0x555af6a3e920 .functor XOR 5, L_0x555af6a400d0, v0x555af6a3a550_0, C4<00000>, C4<00000>;
L_0x555af6a3ea30 .functor XOR 5, L_0x555af6a3e920, v0x555af6a3cc50_0, C4<00000>, C4<00000>;
L_0x555af6a3eb40 .functor XOR 5, L_0x555af6a3ea30, v0x555af6a3b330_0, C4<00000>, C4<00000>;
v0x555af6a3a470_0 .var "C0", 4 0;
v0x555af6a3a550_0 .var "C1", 4 0;
v0x555af6a3a610_0 .var "C2", 4 0;
v0x555af6a3a6e0_0 .var "C3", 4 0;
v0x555af6a3a7c0_0 .var "C4", 4 0;
v0x555af6a3a8a0_0 .var "C5", 4 0;
v0x555af6a3a960_0 .net "clk", 0 0, v0x555af6a3be40_0;  alias, 1 drivers
v0x555af6a3aa50_0 .net "d3", 4 0, v0x555af6a3c140_0;  1 drivers
v0x555af6a3aaf0_0 .net "gamma_out", 4 0, L_0x555af6a400d0;  1 drivers
v0x555af6a3abc0_0 .net "init", 0 0, v0x555af6a3c410_0;  1 drivers
v0x555af6a3ac60_0 .net "load", 0 0, v0x555af6a3c640_0;  1 drivers
v0x555af6a3ad30_0 .net "next_C5", 4 0, L_0x555af6a40770;  1 drivers
v0x555af6a3ae00_0 .net "nlfsr3_ce", 0 0, v0x555af6a3c910_0;  1 drivers
v0x555af6a3aea0_0 .net "node1", 4 0, L_0x555af6a3e920;  1 drivers
v0x555af6a3af80_0 .net "node2", 4 0, L_0x555af6a3ea30;  1 drivers
v0x555af6a3b060_0 .net "node3", 4 0, L_0x555af6a3eb40;  1 drivers
v0x555af6a3b150_0 .net "o_warbler", 0 0, L_0x555af6a40860;  alias, 1 drivers
v0x555af6a3b330_0 .var "pad_wgt2", 4 0;
v0x555af6a3b400_0 .net "rst", 0 0, v0x555af6a3caa0_0;  alias, 1 drivers
v0x555af6a3b4a0_0 .net "tk", 4 0, v0x555af6a3cc50_0;  1 drivers
v0x555af6a3b540_0 .net "wgt2_5o", 0 0, L_0x555af6a3eca0;  1 drivers
S_0x555af6a37930 .scope module, "WGT1_5_inst" "WGT1_5" 8 46, 6 2 0, S_0x555af6a37610;
 .timescale -9 -12;
    .port_info 0 /INPUT 5 "address";
    .port_info 1 /OUTPUT 1 "wgt1_5o";
v0x555af6a37b60_0 .var "LUT", 31 0;
v0x555af6a37c60_0 .net "address", 4 0, v0x555af6a3a550_0;  1 drivers
v0x555af6a37d40_0 .net "wgt1_5o", 0 0, L_0x555af6a40860;  alias, 1 drivers
L_0x555af6a40860 .part/v v0x555af6a37b60_0, v0x555af6a3a550_0, 1;
S_0x555af6a37e70 .scope module, "WGT2_5_inst" "WGT2_5" 8 26, 9 2 0, S_0x555af6a37610;
 .timescale -9 -12;
    .port_info 0 /INPUT 5 "address";
    .port_info 1 /OUTPUT 1 "wgt2_5o";
v0x555af6a380a0_0 .var "LUT", 31 0;
v0x555af6a381a0_0 .net "address", 4 0, v0x555af6a3a8a0_0;  1 drivers
v0x555af6a38280_0 .net "wgt2_5o", 0 0, L_0x555af6a3eca0;  alias, 1 drivers
L_0x555af6a3eca0 .part/v v0x555af6a380a0_0, v0x555af6a3a8a0_0, 1;
S_0x555af6a383b0 .scope module, "bigmux2to1_inst" "bigmux2to1" 8 38, 5 10 0, S_0x555af6a37610;
 .timescale -9 -12;
    .port_info 0 /INPUT 1 "sel";
    .port_info 1 /INPUT 5 "a";
    .port_info 2 /INPUT 5 "b";
    .port_info 3 /OUTPUT 5 "y";
v0x555af6a385f0_0 .net "a", 4 0, L_0x555af6a3eb40;  alias, 1 drivers
v0x555af6a386b0_0 .net "b", 4 0, v0x555af6a3c140_0;  alias, 1 drivers
v0x555af6a38790_0 .net "sel", 0 0, v0x555af6a3c640_0;  alias, 1 drivers
v0x555af6a38860_0 .net "y", 4 0, L_0x555af6a40770;  alias, 1 drivers
L_0x555af6a40770 .functor MUXZ 5, L_0x555af6a3eb40, v0x555af6a3c140_0, v0x555af6a3c640_0, C4<>;
S_0x555af6a389f0 .scope module, "gamma_mult_inst" "gamma_mult" 8 32, 10 1 0, S_0x555af6a37610;
 .timescale -9 -12;
    .port_info 0 /INPUT 5 "x";
    .port_info 1 /OUTPUT 5 "y";
L_0x555af6a3efb0 .functor XOR 1, L_0x555af6a3ede0, L_0x555af6a3ee80, C4<0>, C4<0>;
L_0x555af6a3f110 .functor XOR 1, L_0x555af6a3efb0, L_0x555af6a3f070, C4<0>, C4<0>;
L_0x555af6a3f360 .functor XOR 1, L_0x555af6a3f220, L_0x555af6a3f2c0, C4<0>, C4<0>;
L_0x555af6a3f660 .functor XOR 1, L_0x555af6a3f360, L_0x555af6a3f470, C4<0>, C4<0>;
L_0x555af6a3f900 .functor XOR 1, L_0x555af6a3f770, L_0x555af6a3f810, C4<0>, C4<0>;
L_0x555af6a3fab0 .functor XOR 1, L_0x555af6a3f900, L_0x555af6a3fa10, C4<0>, C4<0>;
L_0x555af6a3fda0 .functor XOR 1, L_0x555af6a3fc00, L_0x555af6a3fd00, C4<0>, C4<0>;
L_0x555af6a3ff70 .functor XOR 1, L_0x555af6a3fda0, L_0x555af6a3fe60, C4<0>, C4<0>;
L_0x555af6a3ff00 .functor XOR 1, L_0x555af6a402b0, L_0x555af6a403d0, C4<0>, C4<0>;
v0x555af6a38c40_0 .net *"_ivl_10", 0 0, L_0x555af6a3f110;  1 drivers
v0x555af6a38d40_0 .net *"_ivl_15", 0 0, L_0x555af6a3f220;  1 drivers
v0x555af6a38e20_0 .net *"_ivl_17", 0 0, L_0x555af6a3f2c0;  1 drivers
v0x555af6a38ee0_0 .net *"_ivl_18", 0 0, L_0x555af6a3f360;  1 drivers
v0x555af6a38fc0_0 .net *"_ivl_21", 0 0, L_0x555af6a3f470;  1 drivers
v0x555af6a390f0_0 .net *"_ivl_22", 0 0, L_0x555af6a3f660;  1 drivers
v0x555af6a391d0_0 .net *"_ivl_27", 0 0, L_0x555af6a3f770;  1 drivers
v0x555af6a392b0_0 .net *"_ivl_29", 0 0, L_0x555af6a3f810;  1 drivers
v0x555af6a39390_0 .net *"_ivl_3", 0 0, L_0x555af6a3ede0;  1 drivers
v0x555af6a39500_0 .net *"_ivl_30", 0 0, L_0x555af6a3f900;  1 drivers
v0x555af6a395e0_0 .net *"_ivl_33", 0 0, L_0x555af6a3fa10;  1 drivers
v0x555af6a396c0_0 .net *"_ivl_34", 0 0, L_0x555af6a3fab0;  1 drivers
v0x555af6a397a0_0 .net *"_ivl_39", 0 0, L_0x555af6a3fc00;  1 drivers
v0x555af6a39880_0 .net *"_ivl_41", 0 0, L_0x555af6a3fd00;  1 drivers
v0x555af6a39960_0 .net *"_ivl_42", 0 0, L_0x555af6a3fda0;  1 drivers
v0x555af6a39a40_0 .net *"_ivl_45", 0 0, L_0x555af6a3fe60;  1 drivers
v0x555af6a39b20_0 .net *"_ivl_46", 0 0, L_0x555af6a3ff70;  1 drivers
v0x555af6a39d10_0 .net *"_ivl_5", 0 0, L_0x555af6a3ee80;  1 drivers
v0x555af6a39df0_0 .net *"_ivl_52", 0 0, L_0x555af6a402b0;  1 drivers
v0x555af6a39ed0_0 .net *"_ivl_54", 0 0, L_0x555af6a403d0;  1 drivers
v0x555af6a39fb0_0 .net *"_ivl_55", 0 0, L_0x555af6a3ff00;  1 drivers
v0x555af6a3a090_0 .net *"_ivl_6", 0 0, L_0x555af6a3efb0;  1 drivers
v0x555af6a3a170_0 .net *"_ivl_9", 0 0, L_0x555af6a3f070;  1 drivers
v0x555af6a3a250_0 .net "x", 4 0, v0x555af6a3b330_0;  1 drivers
v0x555af6a3a330_0 .net "y", 4 0, L_0x555af6a400d0;  alias, 1 drivers
L_0x555af6a3ede0 .part v0x555af6a3b330_0, 1, 1;
L_0x555af6a3ee80 .part v0x555af6a3b330_0, 3, 1;
L_0x555af6a3f070 .part v0x555af6a3b330_0, 4, 1;
L_0x555af6a3f220 .part v0x555af6a3b330_0, 0, 1;
L_0x555af6a3f2c0 .part v0x555af6a3b330_0, 1, 1;
L_0x555af6a3f470 .part v0x555af6a3b330_0, 2, 1;
L_0x555af6a3f770 .part v0x555af6a3b330_0, 0, 1;
L_0x555af6a3f810 .part v0x555af6a3b330_0, 3, 1;
L_0x555af6a3fa10 .part v0x555af6a3b330_0, 4, 1;
L_0x555af6a3fc00 .part v0x555af6a3b330_0, 2, 1;
L_0x555af6a3fd00 .part v0x555af6a3b330_0, 3, 1;
L_0x555af6a3fe60 .part v0x555af6a3b330_0, 4, 1;
LS_0x555af6a400d0_0_0 .concat8 [ 1 1 1 1], L_0x555af6a3ff00, L_0x555af6a3ff70, L_0x555af6a3fab0, L_0x555af6a3f660;
LS_0x555af6a400d0_0_4 .concat8 [ 1 0 0 0], L_0x555af6a3f110;
L_0x555af6a400d0 .concat8 [ 4 1 0 0], LS_0x555af6a400d0_0_0, LS_0x555af6a400d0_0_4;
L_0x555af6a402b0 .part v0x555af6a3b330_0, 2, 1;
L_0x555af6a403d0 .part v0x555af6a3b330_0, 4, 1;
S_0x555af6a3b710 .scope autotask, "test_nlfsr1" "test_nlfsr1" 3 70, 3 70 0, S_0x555af6a19470;
 .timescale -9 -12;
TD_test_nlfsr.test_nlfsr1 ;
    %pushi/vec4 1, 0, 1;
    %store/vec4 v0x555af6a3caa0_0, 0, 1;
    %pushi/vec4 1, 0, 1;
    %store/vec4 v0x555af6a3ccf0_0, 0, 1;
    %pushi/vec4 0, 0, 1;
    %store/vec4 v0x555af6a3c730_0, 0, 1;
    %pushi/vec4 0, 0, 1;
    %store/vec4 v0x555af6a3bf10_0, 0, 1;
    %pushi/vec4 1, 0, 1;
    %store/vec4 v0x555af6a3c230_0, 0, 1;
    %pushi/vec4 0, 0, 1;
    %store/vec4 v0x555af6a3c4b0_0, 0, 1;
    %delay 10000, 0;
    %pushi/vec4 0, 0, 1;
    %store/vec4 v0x555af6a3caa0_0, 0, 1;
    %pushi/vec4 1, 0, 1;
    %store/vec4 v0x555af6a3c730_0, 0, 1;
    %delay 10000, 0;
    %pushi/vec4 0, 0, 1;
    %store/vec4 v0x555af6a3c230_0, 0, 1;
    %delay 10000, 0;
    %pushi/vec4 1, 0, 1;
    %store/vec4 v0x555af6a3c230_0, 0, 1;
    %pushi/vec4 1, 0, 1;
    %store/vec4 v0x555af6a3bf10_0, 0, 1;
    %pushi/vec4 1, 0, 1;
    %store/vec4 v0x555af6a3c4b0_0, 0, 1;
    %delay 10000, 0;
    %pushi/vec4 0, 0, 1;
    %store/vec4 v0x555af6a3c4b0_0, 0, 1;
    %pushi/vec4 0, 0, 1;
    %store/vec4 v0x555af6a3c230_0, 0, 1;
    %pushi/vec4 0, 0, 1;
    %store/vec4 v0x555af6a3c730_0, 0, 1;
    %delay 10000, 0;
    %pushi/vec4 1, 0, 1;
    %store/vec4 v0x555af6a3c4b0_0, 0, 1;
    %delay 10000, 0;
    %load/vec4 v0x555af6a3ccf0_0;
    %load/vec4 v0x555af6a3bcb0_0;
    %cmp/ne;
    %jmp/0xz  T_0.0, 4;
    %jmp T_0.1;
T_0.0 ;
    %vpi_call/w 3 86 "$error", "NLFSR1 test failed" {0 0 0};
T_0.1 ;
    %end;
S_0x555af6a3b8a0 .scope autotask, "test_nlfsr2" "test_nlfsr2" 3 91, 3 91 0, S_0x555af6a19470;
 .timescale -9 -12;
TD_test_nlfsr.test_nlfsr2 ;
    %pushi/vec4 1, 0, 1;
    %store/vec4 v0x555af6a3caa0_0, 0, 1;
    %pushi/vec4 0, 0, 1;
    %store/vec4 v0x555af6a3cd90_0, 0, 1;
    %pushi/vec4 0, 0, 1;
    %store/vec4 v0x555af6a3c820_0, 0, 1;
    %pushi/vec4 0, 0, 1;
    %store/vec4 v0x555af6a3c000_0, 0, 1;
    %pushi/vec4 1, 0, 1;
    %store/vec4 v0x555af6a3c320_0, 0, 1;
    %pushi/vec4 0, 0, 1;
    %store/vec4 v0x555af6a3c550_0, 0, 1;
    %delay 10000, 0;
    %pushi/vec4 0, 0, 1;
    %store/vec4 v0x555af6a3caa0_0, 0, 1;
    %pushi/vec4 1, 0, 1;
    %store/vec4 v0x555af6a3c550_0, 0, 1;
    %pushi/vec4 1, 0, 1;
    %store/vec4 v0x555af6a3c000_0, 0, 1;
    %delay 10000, 0;
    %pushi/vec4 0, 0, 1;
    %store/vec4 v0x555af6a3c550_0, 0, 1;
    %delay 10000, 0;
    %pushi/vec4 0, 0, 1;
    %store/vec4 v0x555af6a3c320_0, 0, 1;
    %delay 10000, 0;
    %pushi/vec4 0, 0, 1;
    %store/vec4 v0x555af6a3c320_0, 0, 1;
    %pushi/vec4 1, 0, 1;
    %store/vec4 v0x555af6a3c820_0, 0, 1;
    %delay 10000, 0;
    %end;
S_0x555af6a3bad0 .scope autotask, "test_nlfsr3" "test_nlfsr3" 3 109, 3 109 0, S_0x555af6a19470;
 .timescale -9 -12;
TD_test_nlfsr.test_nlfsr3 ;
    %pushi/vec4 1, 0, 1;
    %store/vec4 v0x555af6a3caa0_0, 0, 1;
    %pushi/vec4 0, 0, 1;
    %store/vec4 v0x555af6a3c910_0, 0, 1;
    %pushi/vec4 0, 0, 1;
    %store/vec4 v0x555af6a3c640_0, 0, 1;
    %pushi/vec4 1, 0, 1;
    %store/vec4 v0x555af6a3c410_0, 0, 1;
    %pushi/vec4 10, 0, 5;
    %store/vec4 v0x555af6a3c140_0, 0, 5;
    %pushi/vec4 5, 0, 5;
    %store/vec4 v0x555af6a3cc50_0, 0, 5;
    %delay 10000, 0;
    %pushi/vec4 0, 0, 1;
    %store/vec4 v0x555af6a3caa0_0, 0, 1;
    %pushi/vec4 1, 0, 1;
    %store/vec4 v0x555af6a3c910_0, 0, 1;
    %delay 10000, 0;
    %pushi/vec4 0, 0, 1;
    %store/vec4 v0x555af6a3c410_0, 0, 1;
    %delay 10000, 0;
    %pushi/vec4 1, 0, 1;
    %store/vec4 v0x555af6a3c640_0, 0, 1;
    %pushi/vec4 3, 0, 5;
    %store/vec4 v0x555af6a3c140_0, 0, 5;
    %delay 10000, 0;
    %pushi/vec4 0, 0, 1;
    %store/vec4 v0x555af6a3c640_0, 0, 1;
    %pushi/vec4 0, 0, 1;
    %store/vec4 v0x555af6a3c910_0, 0, 1;
    %delay 10000, 0;
    %pushi/vec4 1, 0, 1;
    %store/vec4 v0x555af6a3c910_0, 0, 1;
    %delay 30000, 0;
    %end;
    .scope S_0x555af6a33300;
T_3 ;
    %pushi/vec4 662217573, 0, 32;
    %store/vec4 v0x555af6a33550_0, 0, 32;
    %end;
    .thread T_3, $init;
    .scope S_0x555af6a20ce0;
T_4 ;
    %wait E_0x555af69873e0;
    %load/vec4 v0x555af6a346e0_0;
    %flag_set/vec4 8;
    %jmp/0xz  T_4.0, 8;
    %pushi/vec4 0, 0, 17;
    %assign/vec4 v0x555af6a33dd0_0, 0;
    %jmp T_4.1;
T_4.0 ;
    %load/vec4 v0x555af6a34570_0;
    %load/vec4 v0x555af6a33dd0_0;
    %parti/s 16, 1, 2;
    %concat/vec4; draw_concat_vec4
    %assign/vec4 v0x555af6a33dd0_0, 0;
T_4.1 ;
    %jmp T_4;
    .thread T_4;
    .scope S_0x555af6a35df0;
T_5 ;
    %pushi/vec4 662217573, 0, 32;
    %store/vec4 v0x555af6a36040_0, 0, 32;
    %end;
    .thread T_5, $init;
    .scope S_0x555af6a34980;
T_6 ;
    %wait E_0x555af69873e0;
    %load/vec4 v0x555af6a37380_0;
    %flag_set/vec4 8;
    %jmp/0xz  T_6.0, 8;
    %pushi/vec4 0, 0, 16;
    %assign/vec4 v0x555af6a368c0_0, 0;
    %jmp T_6.1;
T_6.0 ;
    %load/vec4 v0x555af6a37100_0;
    %load/vec4 v0x555af6a368c0_0;
    %parti/s 15, 1, 2;
    %concat/vec4; draw_concat_vec4
    %assign/vec4 v0x555af6a368c0_0, 0;
T_6.1 ;
    %jmp T_6;
    .thread T_6;
    .scope S_0x555af6a37e70;
T_7 ;
    %pushi/vec4 69196957, 0, 32;
    %store/vec4 v0x555af6a380a0_0, 0, 32;
    %end;
    .thread T_7, $init;
    .scope S_0x555af6a37930;
T_8 ;
    %pushi/vec4 662217573, 0, 32;
    %store/vec4 v0x555af6a37b60_0, 0, 32;
    %end;
    .thread T_8, $init;
    .scope S_0x555af6a37610;
T_9 ;
    %pushi/vec4 0, 0, 4;
    %load/vec4 v0x555af6a3b540_0;
    %concat/vec4; draw_concat_vec4
    %store/vec4 v0x555af6a3b330_0, 0, 5;
    %end;
    .thread T_9, $init;
    .scope S_0x555af6a37610;
T_10 ;
    %wait E_0x555af69873e0;
    %load/vec4 v0x555af6a3b400_0;
    %flag_set/vec4 8;
    %jmp/0xz  T_10.0, 8;
    %pushi/vec4 0, 0, 5;
    %assign/vec4 v0x555af6a3a8a0_0, 0;
    %pushi/vec4 0, 0, 5;
    %assign/vec4 v0x555af6a3a7c0_0, 0;
    %pushi/vec4 0, 0, 5;
    %assign/vec4 v0x555af6a3a6e0_0, 0;
    %pushi/vec4 0, 0, 5;
    %assign/vec4 v0x555af6a3a610_0, 0;
    %pushi/vec4 0, 0, 5;
    %assign/vec4 v0x555af6a3a550_0, 0;
    %pushi/vec4 0, 0, 5;
    %assign/vec4 v0x555af6a3a470_0, 0;
    %jmp T_10.1;
T_10.0 ;
    %load/vec4 v0x555af6a3ae00_0;
    %flag_set/vec4 8;
    %jmp/0xz  T_10.2, 8;
    %load/vec4 v0x555af6a3ad30_0;
    %assign/vec4 v0x555af6a3a8a0_0, 0;
    %load/vec4 v0x555af6a3a8a0_0;
    %assign/vec4 v0x555af6a3a7c0_0, 0;
    %load/vec4 v0x555af6a3a7c0_0;
    %assign/vec4 v0x555af6a3a6e0_0, 0;
    %load/vec4 v0x555af6a3a6e0_0;
    %assign/vec4 v0x555af6a3a610_0, 0;
    %load/vec4 v0x555af6a3a610_0;
    %assign/vec4 v0x555af6a3a550_0, 0;
    %load/vec4 v0x555af6a3a550_0;
    %assign/vec4 v0x555af6a3a470_0, 0;
T_10.2 ;
T_10.1 ;
    %jmp T_10;
    .thread T_10;
    .scope S_0x555af6a19470;
T_11 ;
    %delay 5000, 0;
    %load/vec4 v0x555af6a3be40_0;
    %inv;
    %assign/vec4 v0x555af6a3be40_0, 0;
    %jmp T_11;
    .thread T_11;
    .scope S_0x555af6a19470;
T_12 ;
    %vpi_call/w 3 65 "$dumpfile", "test_nlfsr.vcd" {0 0 0};
    %vpi_call/w 3 66 "$dumpvars", 32'sb00000000000000000000000000000000 {0 0 0};
    %end;
    .thread T_12;
    .scope S_0x555af6a19470;
T_13 ;
    %pushi/vec4 0, 0, 1;
    %store/vec4 v0x555af6a3be40_0, 0, 1;
    %pushi/vec4 0, 0, 1;
    %store/vec4 v0x555af6a3caa0_0, 0, 1;
    %delay 10000, 0;
    %alloc S_0x555af6a3b710;
    %fork TD_test_nlfsr.test_nlfsr1, S_0x555af6a3b710;
    %join;
    %free S_0x555af6a3b710;
    %alloc S_0x555af6a3b8a0;
    %fork TD_test_nlfsr.test_nlfsr2, S_0x555af6a3b8a0;
    %join;
    %free S_0x555af6a3b8a0;
    %alloc S_0x555af6a3bad0;
    %fork TD_test_nlfsr.test_nlfsr3, S_0x555af6a3bad0;
    %join;
    %free S_0x555af6a3bad0;
    %vpi_call/w 3 155 "$finish" {0 0 0};
    %end;
    .thread T_13;
# The file index is used to find the file name in the following table.
:file_names 11;
    "N/A";
    "<interactive>";
    "-";
    "test_nlfsr.sv";
    "/home/asic/workspace/mt_trng/rtl/NLFSR1.sv";
    "/home/asic/workspace/mt_trng/rtl/mux2to1.sv";
    "/home/asic/workspace/mt_trng/rtl/WGT1_5.sv";
    "/home/asic/workspace/mt_trng/rtl/NLFSR2.sv";
    "/home/asic/workspace/mt_trng/rtl/NLFSR3.sv";
    "/home/asic/workspace/mt_trng/rtl/WGT2_5.sv";
    "/home/asic/workspace/mt_trng/rtl/gamma_mult.sv";
