#! /foss/tools/iverilog/bin/vvp
:ivl_version "13.0 (devel)" "(s20250103-26-gb0c57ab1-dirty)";
:ivl_delay_selection "TYPICAL";
:vpi_time_precision - 12;
:vpi_module "/foss/tools/iverilog/lib/ivl/system.vpi";
:vpi_module "/foss/tools/iverilog/lib/ivl/vhdl_sys.vpi";
:vpi_module "/foss/tools/iverilog/lib/ivl/vhdl_textio.vpi";
:vpi_module "/foss/tools/iverilog/lib/ivl/v2005_math.vpi";
:vpi_module "/foss/tools/iverilog/lib/ivl/va_math.vpi";
:vpi_module "/foss/tools/iverilog/lib/ivl/v2009.vpi";
S_0x55ca1cd6cb90 .scope package, "$unit" "$unit" 2 1;
 .timescale 0 0;
S_0x55ca1cd6e0c0 .scope module, "test_bitcollect" "test_bitcollect" 3 2;
 .timescale -9 -12;
P_0x55ca1cd13180 .param/l "CLK_PERIOD" 1 3 7, +C4<00000000000000000000000000001010>;
v0x55ca1cd97350_0 .net "byte_ready", 0 0, v0x55ca1cd6c130_0;  1 drivers
v0x55ca1cd97410_0 .var "clk", 0 0;
v0x55ca1cd974b0_0 .net "rand_byte", 7 0, v0x55ca1ccb3340_0;  1 drivers
v0x55ca1cd975b0_0 .var "rst", 0 0;
v0x55ca1cd97650_0 .var "trng_d1", 0 0;
v0x55ca1cd976f0_0 .var "trng_d2", 0 0;
v0x55ca1cd97790_0 .var "trng_d3", 4 0;
v0x55ca1cd97830_0 .net "trng_o_valid", 0 0, L_0x55ca1cd9b850;  1 drivers
v0x55ca1cd97920_0 .net "trng_o_warbler", 0 0, L_0x55ca1cd9b7e0;  1 drivers
E_0x55ca1ccdce20 .event posedge, v0x55ca1cd66fa0_0;
S_0x55ca1cd759c0 .scope module, "collector" "bit_collector" 3 42, 4 1 0, S_0x55ca1cd6e0c0;
 .timescale -9 -12;
    .port_info 0 /INPUT 1 "clk";
    .port_info 1 /INPUT 1 "rst";
    .port_info 2 /INPUT 1 "enable";
    .port_info 3 /INPUT 1 "o_valid";
    .port_info 4 /INPUT 1 "o_warbler";
    .port_info 5 /OUTPUT 1 "byte_ready";
    .port_info 6 /OUTPUT 8 "rand_byte";
v0x55ca1cd6c090_0 .var "bit_count", 2 0;
v0x55ca1cd6c130_0 .var "byte_ready", 0 0;
v0x55ca1cd66fa0_0 .net "clk", 0 0, v0x55ca1cd97410_0;  1 drivers
L_0x7f33b6a04180 .functor BUFT 1, C4<1>, C4<0>, C4<0>, C4<0>;
v0x55ca1cd67040_0 .net "enable", 0 0, L_0x7f33b6a04180;  1 drivers
v0x55ca1cd60c90_0 .net "o_valid", 0 0, L_0x55ca1cd9b850;  alias, 1 drivers
v0x55ca1cd60d90_0 .net "o_warbler", 0 0, L_0x55ca1cd9b7e0;  alias, 1 drivers
v0x55ca1ccb3340_0 .var "rand_byte", 7 0;
v0x55ca1cd8b230_0 .net "rst", 0 0, v0x55ca1cd975b0_0;  1 drivers
v0x55ca1cd8b2f0_0 .var "shift_reg", 7 0;
E_0x55ca1cca2da0 .event posedge, v0x55ca1cd8b230_0, v0x55ca1cd66fa0_0;
S_0x55ca1cd8b4b0 .scope autotask, "test_trng_collector_operation" "test_trng_collector_operation" 3 53, 3 53 0, S_0x55ca1cd6e0c0;
 .timescale -9 -12;
TD_test_bitcollect.test_trng_collector_operation ;
    %pushi/vec4 0, 0, 1;
    %store/vec4 v0x55ca1cd97650_0, 0, 1;
    %pushi/vec4 1, 0, 1;
    %store/vec4 v0x55ca1cd976f0_0, 0, 1;
    %pushi/vec4 25, 0, 5;
    %store/vec4 v0x55ca1cd97790_0, 0, 5;
    %pushi/vec4 1, 0, 1;
    %store/vec4 v0x55ca1cd975b0_0, 0, 1;
    %delay 10000, 0;
    %pushi/vec4 0, 0, 1;
    %store/vec4 v0x55ca1cd975b0_0, 0, 1;
    %pushi/vec4 200, 0, 32;
T_0.0 %dup/vec4;
    %cmpi/s 0, 0, 32;
    %jmp/1xz T_0.1, 5;
    %jmp/1 T_0.1, 4;
    %subi 1, 0, 32;
    %wait E_0x55ca1ccdce20;
    %jmp T_0.0;
T_0.1 ;
    %pop/vec4 1;
    %pushi/vec4 64, 0, 32;
T_0.2 %dup/vec4;
    %cmpi/s 0, 0, 32;
    %jmp/1xz T_0.3, 5;
    %jmp/1 T_0.3, 4;
    %subi 1, 0, 32;
    %wait E_0x55ca1ccdce20;
    %jmp T_0.2;
T_0.3 ;
    %pop/vec4 1;
    %pushi/vec4 1000, 0, 32;
T_0.4 %dup/vec4;
    %cmpi/s 0, 0, 32;
    %jmp/1xz T_0.5, 5;
    %jmp/1 T_0.5, 4;
    %subi 1, 0, 32;
    %wait E_0x55ca1ccdce20;
    %jmp T_0.4;
T_0.5 ;
    %pop/vec4 1;
    %end;
S_0x55ca1cd8b660 .scope module, "trng_inst" "trng" 3 31, 5 2 0, S_0x55ca1cd6e0c0;
 .timescale -9 -12;
    .port_info 0 /INPUT 1 "clk";
    .port_info 1 /INPUT 1 "rst";
    .port_info 2 /INPUT 1 "d1";
    .port_info 3 /INPUT 1 "d2";
    .port_info 4 /INPUT 5 "d3";
    .port_info 5 /OUTPUT 1 "o_valid";
    .port_info 6 /OUTPUT 1 "o_warbler";
L_0x55ca1cd60b80 .functor XOR 1, L_0x55ca1cd98b80, L_0x55ca1cd99a00, C4<0>, C4<0>;
L_0x55ca1cd9b7e0 .functor BUFZ 1, L_0x55ca1cd9b740, C4<0>, C4<0>, C4<0>;
L_0x55ca1cd9b850 .functor AND 1, v0x55ca1cd8c3c0_0, v0x55ca1cd8c480_0, C4<1>, C4<1>;
v0x55ca1cd96680_0 .net "a0", 0 0, L_0x55ca1cd98b80;  1 drivers
v0x55ca1cd96740_0 .net "b0", 0 0, L_0x55ca1cd99a00;  1 drivers
v0x55ca1cd96810_0 .net "clk", 0 0, v0x55ca1cd97410_0;  alias, 1 drivers
v0x55ca1cd968e0_0 .net "d1", 0 0, v0x55ca1cd97650_0;  1 drivers
v0x55ca1cd96980_0 .net "d2", 0 0, v0x55ca1cd976f0_0;  1 drivers
v0x55ca1cd96ac0_0 .net "d3", 4 0, v0x55ca1cd97790_0;  1 drivers
v0x55ca1cd96bb0_0 .net "init_en", 0 0, L_0x55ca1cd97c50;  1 drivers
v0x55ca1cd96c50_0 .net "load_en", 0 0, L_0x55ca1cd97a50;  1 drivers
v0x55ca1cd96cf0_0 .net "nlfsr3_ce", 0 0, v0x55ca1cd8c3c0_0;  1 drivers
v0x55ca1cd96e20_0 .net "o_valid", 0 0, L_0x55ca1cd9b850;  alias, 1 drivers
v0x55ca1cd96ec0_0 .net "o_warbler", 0 0, L_0x55ca1cd9b7e0;  alias, 1 drivers
v0x55ca1cd96f60_0 .net "output_en", 0 0, v0x55ca1cd8c480_0;  1 drivers
v0x55ca1cd97000_0 .net "rst", 0 0, v0x55ca1cd975b0_0;  alias, 1 drivers
v0x55ca1cd970a0_0 .net "run_en", 0 0, L_0x55ca1cd97d90;  1 drivers
v0x55ca1cd97140_0 .net "s", 4 0, v0x55ca1cd96520_0;  1 drivers
v0x55ca1cd971e0_0 .net "warbler_bit", 0 0, L_0x55ca1cd9b740;  1 drivers
S_0x55ca1cd8b8e0 .scope module, "fsm" "fsm" 5 18, 6 1 0, S_0x55ca1cd8b660;
 .timescale -9 -12;
    .port_info 0 /INPUT 1 "clk";
    .port_info 1 /INPUT 1 "rst";
    .port_info 2 /OUTPUT 1 "load_en";
    .port_info 3 /OUTPUT 1 "init_en";
    .port_info 4 /OUTPUT 1 "run_en";
    .port_info 5 /OUTPUT 1 "nlfsr3_ce";
    .port_info 6 /OUTPUT 1 "output_en";
P_0x55ca1cd8bac0 .param/l "INIT" 1 6 14, C4<010>;
P_0x55ca1cd8bb00 .param/l "LOAD" 1 6 13, C4<100>;
P_0x55ca1cd8bb40 .param/l "RUN" 1 6 15, C4<001>;
L_0x7f33b6a04018 .functor BUFT 1, C4<100>, C4<0>, C4<0>, C4<0>;
v0x55ca1cd8bdf0_0 .net/2u *"_ivl_0", 2 0, L_0x7f33b6a04018;  1 drivers
L_0x7f33b6a04060 .functor BUFT 1, C4<010>, C4<0>, C4<0>, C4<0>;
v0x55ca1cd8bef0_0 .net/2u *"_ivl_4", 2 0, L_0x7f33b6a04060;  1 drivers
L_0x7f33b6a040a8 .functor BUFT 1, C4<001>, C4<0>, C4<0>, C4<0>;
v0x55ca1cd8bfd0_0 .net/2u *"_ivl_8", 2 0, L_0x7f33b6a040a8;  1 drivers
v0x55ca1cd8c090_0 .net "clk", 0 0, v0x55ca1cd97410_0;  alias, 1 drivers
v0x55ca1cd8c130_0 .var "cnt", 5 0;
v0x55ca1cd8c240_0 .net "init_en", 0 0, L_0x55ca1cd97c50;  alias, 1 drivers
v0x55ca1cd8c300_0 .net "load_en", 0 0, L_0x55ca1cd97a50;  alias, 1 drivers
v0x55ca1cd8c3c0_0 .var "nlfsr3_ce", 0 0;
v0x55ca1cd8c480_0 .var "output_en", 0 0;
v0x55ca1cd8c540_0 .net "rst", 0 0, v0x55ca1cd975b0_0;  alias, 1 drivers
v0x55ca1cd8c5e0_0 .net "run_en", 0 0, L_0x55ca1cd97d90;  alias, 1 drivers
v0x55ca1cd8c680_0 .var "state", 2 0;
E_0x55ca1cd7c410 .event anyedge, v0x55ca1cd8c300_0, v0x55ca1cd8c240_0, v0x55ca1cd8c130_0;
L_0x55ca1cd97a50 .cmp/eq 3, v0x55ca1cd8c680_0, L_0x7f33b6a04018;
L_0x55ca1cd97c50 .cmp/eq 3, v0x55ca1cd8c680_0, L_0x7f33b6a04060;
L_0x55ca1cd97d90 .cmp/eq 3, v0x55ca1cd8c680_0, L_0x7f33b6a040a8;
S_0x55ca1cd8c880 .scope module, "nlfsr1" "NLFSR1" 5 21, 7 1 0, S_0x55ca1cd8b660;
 .timescale -9 -12;
    .port_info 0 /INPUT 1 "clk";
    .port_info 1 /INPUT 1 "rst";
    .port_info 2 /INPUT 1 "warbler_o";
    .port_info 3 /INPUT 1 "nlfsr3_ce";
    .port_info 4 /INPUT 1 "d1";
    .port_info 5 /INPUT 1 "init";
    .port_info 6 /INPUT 1 "load";
    .port_info 7 /OUTPUT 1 "a0";
L_0x55ca1cd6c7d0 .functor XOR 1, L_0x55ca1cd76f30, L_0x55ca1cd9b740, C4<0>, C4<0>;
L_0x55ca1cd76f30 .functor XOR 1, L_0x55ca1cd98a50, L_0x55ca1cd98360, C4<0>, C4<0>;
v0x55ca1cd8e0b0_0 .net *"_ivl_11", 0 0, L_0x55ca1cd98740;  1 drivers
v0x55ca1cd8e190_0 .net *"_ivl_17", 0 0, L_0x55ca1cd98a50;  1 drivers
v0x55ca1cd8e270_0 .net *"_ivl_3", 0 0, L_0x55ca1cd98400;  1 drivers
v0x55ca1cd8e360_0 .net *"_ivl_5", 0 0, L_0x55ca1cd984a0;  1 drivers
v0x55ca1cd8e440_0 .net *"_ivl_7", 0 0, L_0x55ca1cd98540;  1 drivers
v0x55ca1cd8e570_0 .net *"_ivl_9", 0 0, L_0x55ca1cd985e0;  1 drivers
v0x55ca1cd8e650_0 .var "a", 16 0;
v0x55ca1cd8e730_0 .net "a0", 0 0, L_0x55ca1cd98b80;  alias, 1 drivers
v0x55ca1cd8e7f0_0 .net "clk", 0 0, v0x55ca1cd97410_0;  alias, 1 drivers
v0x55ca1cd8e890_0 .net "d1", 0 0, v0x55ca1cd97650_0;  alias, 1 drivers
v0x55ca1cd8e930_0 .net "init", 0 0, L_0x55ca1cd97c50;  alias, 1 drivers
v0x55ca1cd8ea20_0 .net "load", 0 0, L_0x55ca1cd97a50;  alias, 1 drivers
v0x55ca1cd8eb10_0 .net "mux0_in", 0 0, L_0x55ca1cd6c7d0;  1 drivers
v0x55ca1cd8ebb0_0 .net "mux0_o", 0 0, L_0x55ca1cd97ed0;  1 drivers
v0x55ca1cd8eca0_0 .net "mux1_in", 0 0, L_0x55ca1cd76f30;  1 drivers
v0x55ca1cd8ed40_0 .net "mux1_o", 0 0, L_0x55ca1cd98010;  1 drivers
v0x55ca1cd8ee30_0 .net "mux2_o", 0 0, L_0x55ca1cd98210;  1 drivers
v0x55ca1cd8eed0_0 .net "nlfsr3_ce", 0 0, v0x55ca1cd8c3c0_0;  alias, 1 drivers
v0x55ca1cd8efc0_0 .net "rst", 0 0, v0x55ca1cd975b0_0;  alias, 1 drivers
v0x55ca1cd8f0b0_0 .net "warbler_o", 0 0, L_0x55ca1cd9b740;  alias, 1 drivers
v0x55ca1cd8f150_0 .net "wgt1_5o", 0 0, L_0x55ca1cd98360;  1 drivers
L_0x55ca1cd98400 .part v0x55ca1cd8e650_0, 15, 1;
L_0x55ca1cd984a0 .part v0x55ca1cd8e650_0, 10, 1;
L_0x55ca1cd98540 .part v0x55ca1cd8e650_0, 8, 1;
L_0x55ca1cd985e0 .part v0x55ca1cd8e650_0, 7, 1;
L_0x55ca1cd98740 .part v0x55ca1cd8e650_0, 4, 1;
LS_0x55ca1cd987e0_0_0 .concat [ 1 1 1 1], L_0x55ca1cd98740, L_0x55ca1cd985e0, L_0x55ca1cd98540, L_0x55ca1cd984a0;
LS_0x55ca1cd987e0_0_4 .concat [ 1 0 0 0], L_0x55ca1cd98400;
L_0x55ca1cd987e0 .concat [ 4 1 0 0], LS_0x55ca1cd987e0_0_0, LS_0x55ca1cd987e0_0_4;
L_0x55ca1cd98a50 .part v0x55ca1cd8e650_0, 0, 1;
L_0x55ca1cd98b80 .part v0x55ca1cd8e650_0, 0, 1;
S_0x55ca1cd8ca80 .scope module, "mux0" "mux2to1" 7 16, 8 1 0, S_0x55ca1cd8c880;
 .timescale -9 -12;
    .port_info 0 /INPUT 1 "sel";
    .port_info 1 /INPUT 1 "a";
    .port_info 2 /INPUT 1 "b";
    .port_info 3 /OUTPUT 1 "y";
L_0x7f33b6a040f0 .functor BUFT 1, C4<0>, C4<0>, C4<0>, C4<0>;
v0x55ca1cd8cc60_0 .net "a", 0 0, L_0x7f33b6a040f0;  1 drivers
v0x55ca1cd8cd40_0 .net "b", 0 0, L_0x55ca1cd6c7d0;  alias, 1 drivers
v0x55ca1cd8ce00_0 .net "sel", 0 0, v0x55ca1cd8c3c0_0;  alias, 1 drivers
v0x55ca1cd8cf00_0 .net "y", 0 0, L_0x55ca1cd97ed0;  alias, 1 drivers
L_0x55ca1cd97ed0 .functor MUXZ 1, L_0x7f33b6a040f0, L_0x55ca1cd6c7d0, v0x55ca1cd8c3c0_0, C4<>;
S_0x55ca1cd8d030 .scope module, "mux1" "mux2to1" 7 17, 8 1 0, S_0x55ca1cd8c880;
 .timescale -9 -12;
    .port_info 0 /INPUT 1 "sel";
    .port_info 1 /INPUT 1 "a";
    .port_info 2 /INPUT 1 "b";
    .port_info 3 /OUTPUT 1 "y";
v0x55ca1cd8d230_0 .net "a", 0 0, L_0x55ca1cd76f30;  alias, 1 drivers
v0x55ca1cd8d2f0_0 .net "b", 0 0, L_0x55ca1cd97ed0;  alias, 1 drivers
v0x55ca1cd8d3e0_0 .net "sel", 0 0, L_0x55ca1cd97c50;  alias, 1 drivers
v0x55ca1cd8d4e0_0 .net "y", 0 0, L_0x55ca1cd98010;  alias, 1 drivers
L_0x55ca1cd98010 .functor MUXZ 1, L_0x55ca1cd76f30, L_0x55ca1cd97ed0, L_0x55ca1cd97c50, C4<>;
S_0x55ca1cd8d5d0 .scope module, "mux2" "mux2to1" 7 18, 8 1 0, S_0x55ca1cd8c880;
 .timescale -9 -12;
    .port_info 0 /INPUT 1 "sel";
    .port_info 1 /INPUT 1 "a";
    .port_info 2 /INPUT 1 "b";
    .port_info 3 /OUTPUT 1 "y";
v0x55ca1cd8d7e0_0 .net "a", 0 0, L_0x55ca1cd98010;  alias, 1 drivers
v0x55ca1cd8d8b0_0 .net "b", 0 0, v0x55ca1cd97650_0;  alias, 1 drivers
v0x55ca1cd8d950_0 .net "sel", 0 0, L_0x55ca1cd97a50;  alias, 1 drivers
v0x55ca1cd8da50_0 .net "y", 0 0, L_0x55ca1cd98210;  alias, 1 drivers
L_0x55ca1cd98210 .functor MUXZ 1, L_0x55ca1cd98010, v0x55ca1cd97650_0, L_0x55ca1cd97a50, C4<>;
S_0x55ca1cd8db80 .scope module, "wlut" "WGT1_5" 7 19, 9 2 0, S_0x55ca1cd8c880;
 .timescale -9 -12;
    .port_info 0 /INPUT 5 "address";
    .port_info 1 /OUTPUT 1 "wgt1_5o";
v0x55ca1cd8ddd0_0 .var "LUT", 31 0;
v0x55ca1cd8ded0_0 .net "address", 4 0, L_0x55ca1cd987e0;  1 drivers
v0x55ca1cd8dfb0_0 .net "wgt1_5o", 0 0, L_0x55ca1cd98360;  alias, 1 drivers
L_0x55ca1cd98360 .part/v v0x55ca1cd8ddd0_0, L_0x55ca1cd987e0, 1;
S_0x55ca1cd8f2c0 .scope module, "nlfsr2" "NLFSR2" 5 22, 10 1 0, S_0x55ca1cd8b660;
 .timescale -9 -12;
    .port_info 0 /INPUT 1 "clk";
    .port_info 1 /INPUT 1 "rst";
    .port_info 2 /INPUT 1 "warbler_o";
    .port_info 3 /INPUT 1 "nlfsr3_ce";
    .port_info 4 /INPUT 1 "d2";
    .port_info 5 /INPUT 1 "init";
    .port_info 6 /INPUT 1 "load";
    .port_info 7 /OUTPUT 1 "b0";
L_0x55ca1cd6bfc0 .functor XOR 1, L_0x55ca1cd66ed0, L_0x55ca1cd9b740, C4<0>, C4<0>;
L_0x55ca1cd66ed0 .functor XOR 1, L_0x55ca1cd998d0, L_0x55ca1cd99210, C4<0>, C4<0>;
v0x55ca1cd90ca0_0 .net *"_ivl_11", 0 0, L_0x55ca1cd995c0;  1 drivers
v0x55ca1cd90d80_0 .net *"_ivl_17", 0 0, L_0x55ca1cd998d0;  1 drivers
v0x55ca1cd90e60_0 .net *"_ivl_3", 0 0, L_0x55ca1cd992b0;  1 drivers
v0x55ca1cd90f50_0 .net *"_ivl_5", 0 0, L_0x55ca1cd99350;  1 drivers
v0x55ca1cd91030_0 .net *"_ivl_7", 0 0, L_0x55ca1cd993f0;  1 drivers
v0x55ca1cd91160_0 .net *"_ivl_9", 0 0, L_0x55ca1cd99490;  1 drivers
v0x55ca1cd91240_0 .var "b", 15 0;
v0x55ca1cd91320_0 .net "b0", 0 0, L_0x55ca1cd99a00;  alias, 1 drivers
v0x55ca1cd913e0_0 .net "clk", 0 0, v0x55ca1cd97410_0;  alias, 1 drivers
v0x55ca1cd91510_0 .net "d2", 0 0, v0x55ca1cd976f0_0;  alias, 1 drivers
v0x55ca1cd915b0_0 .net "init", 0 0, L_0x55ca1cd97c50;  alias, 1 drivers
v0x55ca1cd916e0_0 .net "load", 0 0, L_0x55ca1cd97a50;  alias, 1 drivers
v0x55ca1cd91810_0 .net "mux0_in", 0 0, L_0x55ca1cd6bfc0;  1 drivers
v0x55ca1cd918e0_0 .net "mux0_o", 0 0, L_0x55ca1cd98cc0;  1 drivers
v0x55ca1cd91980_0 .net "mux1_in", 0 0, L_0x55ca1cd66ed0;  1 drivers
v0x55ca1cd91a20_0 .net "mux1_o", 0 0, L_0x55ca1cd98f60;  1 drivers
v0x55ca1cd91ac0_0 .net "mux2_o", 0 0, L_0x55ca1cd99050;  1 drivers
v0x55ca1cd91c70_0 .net "nlfsr3_ce", 0 0, v0x55ca1cd8c3c0_0;  alias, 1 drivers
v0x55ca1cd91d10_0 .net "rst", 0 0, v0x55ca1cd975b0_0;  alias, 1 drivers
v0x55ca1cd91db0_0 .net "warbler_o", 0 0, L_0x55ca1cd9b740;  alias, 1 drivers
v0x55ca1cd91e80_0 .net "wgt1_5o", 0 0, L_0x55ca1cd99210;  1 drivers
L_0x55ca1cd992b0 .part v0x55ca1cd91240_0, 12, 1;
L_0x55ca1cd99350 .part v0x55ca1cd91240_0, 9, 1;
L_0x55ca1cd993f0 .part v0x55ca1cd91240_0, 8, 1;
L_0x55ca1cd99490 .part v0x55ca1cd91240_0, 7, 1;
L_0x55ca1cd995c0 .part v0x55ca1cd91240_0, 4, 1;
LS_0x55ca1cd99660_0_0 .concat [ 1 1 1 1], L_0x55ca1cd995c0, L_0x55ca1cd99490, L_0x55ca1cd993f0, L_0x55ca1cd99350;
LS_0x55ca1cd99660_0_4 .concat [ 1 0 0 0], L_0x55ca1cd992b0;
L_0x55ca1cd99660 .concat [ 4 1 0 0], LS_0x55ca1cd99660_0_0, LS_0x55ca1cd99660_0_4;
L_0x55ca1cd998d0 .part v0x55ca1cd91240_0, 0, 1;
L_0x55ca1cd99a00 .part v0x55ca1cd91240_0, 0, 1;
S_0x55ca1cd8f5b0 .scope module, "mux0" "mux2to1" 10 16, 8 1 0, S_0x55ca1cd8f2c0;
 .timescale -9 -12;
    .port_info 0 /INPUT 1 "sel";
    .port_info 1 /INPUT 1 "a";
    .port_info 2 /INPUT 1 "b";
    .port_info 3 /OUTPUT 1 "y";
L_0x7f33b6a04138 .functor BUFT 1, C4<0>, C4<0>, C4<0>, C4<0>;
v0x55ca1cd8f790_0 .net "a", 0 0, L_0x7f33b6a04138;  1 drivers
v0x55ca1cd8f870_0 .net "b", 0 0, L_0x55ca1cd6bfc0;  alias, 1 drivers
v0x55ca1cd8f930_0 .net "sel", 0 0, v0x55ca1cd8c3c0_0;  alias, 1 drivers
v0x55ca1cd8f9d0_0 .net "y", 0 0, L_0x55ca1cd98cc0;  alias, 1 drivers
L_0x55ca1cd98cc0 .functor MUXZ 1, L_0x7f33b6a04138, L_0x55ca1cd6bfc0, v0x55ca1cd8c3c0_0, C4<>;
S_0x55ca1cd8fb20 .scope module, "mux1" "mux2to1" 10 17, 8 1 0, S_0x55ca1cd8f2c0;
 .timescale -9 -12;
    .port_info 0 /INPUT 1 "sel";
    .port_info 1 /INPUT 1 "a";
    .port_info 2 /INPUT 1 "b";
    .port_info 3 /OUTPUT 1 "y";
v0x55ca1cd8fdb0_0 .net "a", 0 0, L_0x55ca1cd66ed0;  alias, 1 drivers
v0x55ca1cd8fe70_0 .net "b", 0 0, L_0x55ca1cd98cc0;  alias, 1 drivers
v0x55ca1cd8ff60_0 .net "sel", 0 0, L_0x55ca1cd97c50;  alias, 1 drivers
v0x55ca1cd90030_0 .net "y", 0 0, L_0x55ca1cd98f60;  alias, 1 drivers
L_0x55ca1cd98f60 .functor MUXZ 1, L_0x55ca1cd66ed0, L_0x55ca1cd98cc0, L_0x55ca1cd97c50, C4<>;
S_0x55ca1cd90140 .scope module, "mux2" "mux2to1" 10 18, 8 1 0, S_0x55ca1cd8f2c0;
 .timescale -9 -12;
    .port_info 0 /INPUT 1 "sel";
    .port_info 1 /INPUT 1 "a";
    .port_info 2 /INPUT 1 "b";
    .port_info 3 /OUTPUT 1 "y";
v0x55ca1cd903e0_0 .net "a", 0 0, L_0x55ca1cd98f60;  alias, 1 drivers
v0x55ca1cd904b0_0 .net "b", 0 0, v0x55ca1cd976f0_0;  alias, 1 drivers
v0x55ca1cd90550_0 .net "sel", 0 0, L_0x55ca1cd97a50;  alias, 1 drivers
v0x55ca1cd90620_0 .net "y", 0 0, L_0x55ca1cd99050;  alias, 1 drivers
L_0x55ca1cd99050 .functor MUXZ 1, L_0x55ca1cd98f60, v0x55ca1cd976f0_0, L_0x55ca1cd97a50, C4<>;
S_0x55ca1cd90770 .scope module, "wlut" "WGT1_5" 10 19, 9 2 0, S_0x55ca1cd8f2c0;
 .timescale -9 -12;
    .port_info 0 /INPUT 5 "address";
    .port_info 1 /OUTPUT 1 "wgt1_5o";
v0x55ca1cd909c0_0 .var "LUT", 31 0;
v0x55ca1cd90ac0_0 .net "address", 4 0, L_0x55ca1cd99660;  1 drivers
v0x55ca1cd90ba0_0 .net "wgt1_5o", 0 0, L_0x55ca1cd99210;  alias, 1 drivers
L_0x55ca1cd99210 .part/v v0x55ca1cd909c0_0, L_0x55ca1cd99660, 1;
S_0x55ca1cd91f90 .scope module, "nlfsr3" "NLFSR3" 5 24, 11 1 0, S_0x55ca1cd8b660;
 .timescale -9 -12;
    .port_info 0 /INPUT 1 "clk";
    .port_info 1 /INPUT 1 "rst";
    .port_info 2 /INPUT 1 "load";
    .port_info 3 /INPUT 1 "init";
    .port_info 4 /INPUT 1 "nlfsr3_ce";
    .port_info 5 /INPUT 5 "d3";
    .port_info 6 /INPUT 5 "tk";
    .port_info 7 /OUTPUT 1 "o_warbler";
L_0x55ca1cd3a2e0 .functor XOR 5, L_0x55ca1cd9b1c0, v0x55ca1cd94f00_0, C4<00000>, C4<00000>;
L_0x55ca1cd39ef0 .functor XOR 5, L_0x55ca1cd3a2e0, v0x55ca1cd96520_0, C4<00000>, C4<00000>;
L_0x55ca1cd99c30 .functor XOR 5, L_0x55ca1cd39ef0, v0x55ca1cd95cd0_0, C4<00000>, C4<00000>;
v0x55ca1cd94e20_0 .var "C0", 4 0;
v0x55ca1cd94f00_0 .var "C1", 4 0;
v0x55ca1cd94fc0_0 .var "C2", 4 0;
v0x55ca1cd95090_0 .var "C3", 4 0;
v0x55ca1cd95170_0 .var "C4", 4 0;
v0x55ca1cd95250_0 .var "C5", 4 0;
v0x55ca1cd95310_0 .net "clk", 0 0, v0x55ca1cd97410_0;  alias, 1 drivers
v0x55ca1cd953b0_0 .net "d3", 4 0, v0x55ca1cd97790_0;  alias, 1 drivers
v0x55ca1cd95480_0 .net "gamma_out", 4 0, L_0x55ca1cd9b1c0;  1 drivers
v0x55ca1cd955e0_0 .net "init", 0 0, L_0x55ca1cd97c50;  alias, 1 drivers
v0x55ca1cd95680_0 .net "load", 0 0, L_0x55ca1cd97a50;  alias, 1 drivers
v0x55ca1cd95720_0 .net "next_C5", 4 0, L_0x55ca1cd9b650;  1 drivers
v0x55ca1cd957f0_0 .net "nlfsr3_ce", 0 0, v0x55ca1cd8c3c0_0;  alias, 1 drivers
v0x55ca1cd95890_0 .net "node1", 4 0, L_0x55ca1cd3a2e0;  1 drivers
v0x55ca1cd95950_0 .net "node2", 4 0, L_0x55ca1cd39ef0;  1 drivers
v0x55ca1cd95a30_0 .net "node3", 4 0, L_0x55ca1cd99c30;  1 drivers
v0x55ca1cd95b20_0 .net "o_warbler", 0 0, L_0x55ca1cd9b740;  alias, 1 drivers
v0x55ca1cd95cd0_0 .var "pad_wgt2", 4 0;
v0x55ca1cd95da0_0 .net "rst", 0 0, v0x55ca1cd975b0_0;  alias, 1 drivers
v0x55ca1cd95e40_0 .net "tk", 4 0, v0x55ca1cd96520_0;  alias, 1 drivers
v0x55ca1cd95f00_0 .net "wgt2_5o", 0 0, L_0x55ca1cd99d90;  1 drivers
S_0x55ca1cd92230 .scope module, "WGT1_5_inst" "WGT1_5" 11 46, 9 2 0, S_0x55ca1cd91f90;
 .timescale -9 -12;
    .port_info 0 /INPUT 5 "address";
    .port_info 1 /OUTPUT 1 "wgt1_5o";
v0x55ca1cd924a0_0 .var "LUT", 31 0;
v0x55ca1cd925a0_0 .net "address", 4 0, v0x55ca1cd94f00_0;  1 drivers
v0x55ca1cd92680_0 .net "wgt1_5o", 0 0, L_0x55ca1cd9b740;  alias, 1 drivers
L_0x55ca1cd9b740 .part/v v0x55ca1cd924a0_0, v0x55ca1cd94f00_0, 1;
S_0x55ca1cd927e0 .scope module, "WGT2_5_inst" "WGT2_5" 11 26, 12 2 0, S_0x55ca1cd91f90;
 .timescale -9 -12;
    .port_info 0 /INPUT 5 "address";
    .port_info 1 /OUTPUT 1 "wgt2_5o";
v0x55ca1cd92a10_0 .var "LUT", 31 0;
v0x55ca1cd92b10_0 .net "address", 4 0, v0x55ca1cd95250_0;  1 drivers
v0x55ca1cd92bf0_0 .net "wgt2_5o", 0 0, L_0x55ca1cd99d90;  alias, 1 drivers
L_0x55ca1cd99d90 .part/v v0x55ca1cd92a10_0, v0x55ca1cd95250_0, 1;
S_0x55ca1cd92cf0 .scope module, "bigmux2to1_inst" "bigmux2to1" 11 38, 8 10 0, S_0x55ca1cd91f90;
 .timescale -9 -12;
    .port_info 0 /INPUT 1 "sel";
    .port_info 1 /INPUT 5 "a";
    .port_info 2 /INPUT 5 "b";
    .port_info 3 /OUTPUT 5 "y";
v0x55ca1cd92fc0_0 .net "a", 4 0, L_0x55ca1cd99c30;  alias, 1 drivers
v0x55ca1cd93080_0 .net "b", 4 0, v0x55ca1cd97790_0;  alias, 1 drivers
v0x55ca1cd93160_0 .net "sel", 0 0, L_0x55ca1cd97a50;  alias, 1 drivers
v0x55ca1cd93230_0 .net "y", 4 0, L_0x55ca1cd9b650;  alias, 1 drivers
L_0x55ca1cd9b650 .functor MUXZ 5, L_0x55ca1cd99c30, v0x55ca1cd97790_0, L_0x55ca1cd97a50, C4<>;
S_0x55ca1cd933a0 .scope module, "gamma_mult_inst" "gamma_mult" 11 32, 13 1 0, S_0x55ca1cd91f90;
 .timescale -9 -12;
    .port_info 0 /INPUT 5 "x";
    .port_info 1 /OUTPUT 5 "y";
L_0x55ca1cd9a0a0 .functor XOR 1, L_0x55ca1cd99ed0, L_0x55ca1cd99f70, C4<0>, C4<0>;
L_0x55ca1cd9a200 .functor XOR 1, L_0x55ca1cd9a0a0, L_0x55ca1cd9a160, C4<0>, C4<0>;
L_0x55ca1cd9a450 .functor XOR 1, L_0x55ca1cd9a310, L_0x55ca1cd9a3b0, C4<0>, C4<0>;
L_0x55ca1cd9a750 .functor XOR 1, L_0x55ca1cd9a450, L_0x55ca1cd9a560, C4<0>, C4<0>;
L_0x55ca1cd9a9f0 .functor XOR 1, L_0x55ca1cd9a860, L_0x55ca1cd9a900, C4<0>, C4<0>;
L_0x55ca1cd9aba0 .functor XOR 1, L_0x55ca1cd9a9f0, L_0x55ca1cd9ab00, C4<0>, C4<0>;
L_0x55ca1cd9ae90 .functor XOR 1, L_0x55ca1cd9acf0, L_0x55ca1cd9adf0, C4<0>, C4<0>;
L_0x55ca1cd9b060 .functor XOR 1, L_0x55ca1cd9ae90, L_0x55ca1cd9af50, C4<0>, C4<0>;
L_0x55ca1cd9aff0 .functor XOR 1, L_0x55ca1cd9b3a0, L_0x55ca1cd9b4c0, C4<0>, C4<0>;
v0x55ca1cd935f0_0 .net *"_ivl_10", 0 0, L_0x55ca1cd9a200;  1 drivers
v0x55ca1cd936f0_0 .net *"_ivl_15", 0 0, L_0x55ca1cd9a310;  1 drivers
v0x55ca1cd937d0_0 .net *"_ivl_17", 0 0, L_0x55ca1cd9a3b0;  1 drivers
v0x55ca1cd93890_0 .net *"_ivl_18", 0 0, L_0x55ca1cd9a450;  1 drivers
v0x55ca1cd93970_0 .net *"_ivl_21", 0 0, L_0x55ca1cd9a560;  1 drivers
v0x55ca1cd93aa0_0 .net *"_ivl_22", 0 0, L_0x55ca1cd9a750;  1 drivers
v0x55ca1cd93b80_0 .net *"_ivl_27", 0 0, L_0x55ca1cd9a860;  1 drivers
v0x55ca1cd93c60_0 .net *"_ivl_29", 0 0, L_0x55ca1cd9a900;  1 drivers
v0x55ca1cd93d40_0 .net *"_ivl_3", 0 0, L_0x55ca1cd99ed0;  1 drivers
v0x55ca1cd93eb0_0 .net *"_ivl_30", 0 0, L_0x55ca1cd9a9f0;  1 drivers
v0x55ca1cd93f90_0 .net *"_ivl_33", 0 0, L_0x55ca1cd9ab00;  1 drivers
v0x55ca1cd94070_0 .net *"_ivl_34", 0 0, L_0x55ca1cd9aba0;  1 drivers
v0x55ca1cd94150_0 .net *"_ivl_39", 0 0, L_0x55ca1cd9acf0;  1 drivers
v0x55ca1cd94230_0 .net *"_ivl_41", 0 0, L_0x55ca1cd9adf0;  1 drivers
v0x55ca1cd94310_0 .net *"_ivl_42", 0 0, L_0x55ca1cd9ae90;  1 drivers
v0x55ca1cd943f0_0 .net *"_ivl_45", 0 0, L_0x55ca1cd9af50;  1 drivers
v0x55ca1cd944d0_0 .net *"_ivl_46", 0 0, L_0x55ca1cd9b060;  1 drivers
v0x55ca1cd946c0_0 .net *"_ivl_5", 0 0, L_0x55ca1cd99f70;  1 drivers
v0x55ca1cd947a0_0 .net *"_ivl_52", 0 0, L_0x55ca1cd9b3a0;  1 drivers
v0x55ca1cd94880_0 .net *"_ivl_54", 0 0, L_0x55ca1cd9b4c0;  1 drivers
v0x55ca1cd94960_0 .net *"_ivl_55", 0 0, L_0x55ca1cd9aff0;  1 drivers
v0x55ca1cd94a40_0 .net *"_ivl_6", 0 0, L_0x55ca1cd9a0a0;  1 drivers
v0x55ca1cd94b20_0 .net *"_ivl_9", 0 0, L_0x55ca1cd9a160;  1 drivers
v0x55ca1cd94c00_0 .net "x", 4 0, v0x55ca1cd95cd0_0;  1 drivers
v0x55ca1cd94ce0_0 .net "y", 4 0, L_0x55ca1cd9b1c0;  alias, 1 drivers
L_0x55ca1cd99ed0 .part v0x55ca1cd95cd0_0, 1, 1;
L_0x55ca1cd99f70 .part v0x55ca1cd95cd0_0, 3, 1;
L_0x55ca1cd9a160 .part v0x55ca1cd95cd0_0, 4, 1;
L_0x55ca1cd9a310 .part v0x55ca1cd95cd0_0, 0, 1;
L_0x55ca1cd9a3b0 .part v0x55ca1cd95cd0_0, 1, 1;
L_0x55ca1cd9a560 .part v0x55ca1cd95cd0_0, 2, 1;
L_0x55ca1cd9a860 .part v0x55ca1cd95cd0_0, 0, 1;
L_0x55ca1cd9a900 .part v0x55ca1cd95cd0_0, 3, 1;
L_0x55ca1cd9ab00 .part v0x55ca1cd95cd0_0, 4, 1;
L_0x55ca1cd9acf0 .part v0x55ca1cd95cd0_0, 2, 1;
L_0x55ca1cd9adf0 .part v0x55ca1cd95cd0_0, 3, 1;
L_0x55ca1cd9af50 .part v0x55ca1cd95cd0_0, 4, 1;
LS_0x55ca1cd9b1c0_0_0 .concat8 [ 1 1 1 1], L_0x55ca1cd9aff0, L_0x55ca1cd9b060, L_0x55ca1cd9aba0, L_0x55ca1cd9a750;
LS_0x55ca1cd9b1c0_0_4 .concat8 [ 1 0 0 0], L_0x55ca1cd9a200;
L_0x55ca1cd9b1c0 .concat8 [ 4 1 0 0], LS_0x55ca1cd9b1c0_0_0, LS_0x55ca1cd9b1c0_0_4;
L_0x55ca1cd9b3a0 .part v0x55ca1cd95cd0_0, 2, 1;
L_0x55ca1cd9b4c0 .part v0x55ca1cd95cd0_0, 4, 1;
S_0x55ca1cd960b0 .scope module, "shift5" "shift5" 5 23, 14 2 0, S_0x55ca1cd8b660;
 .timescale -9 -12;
    .port_info 0 /INPUT 1 "clk";
    .port_info 1 /INPUT 1 "rst";
    .port_info 2 /INPUT 1 "in_bit";
    .port_info 3 /OUTPUT 5 "s";
v0x55ca1cd962d0_0 .net "clk", 0 0, v0x55ca1cd97410_0;  alias, 1 drivers
v0x55ca1cd96390_0 .net "in_bit", 0 0, L_0x55ca1cd60b80;  1 drivers
v0x55ca1cd96450_0 .net "rst", 0 0, v0x55ca1cd975b0_0;  alias, 1 drivers
v0x55ca1cd96520_0 .var "s", 4 0;
    .scope S_0x55ca1cd8b8e0;
T_1 ;
    %wait E_0x55ca1cca2da0;
    %load/vec4 v0x55ca1cd8c540_0;
    %flag_set/vec4 8;
    %jmp/0xz  T_1.0, 8;
    %pushi/vec4 4, 0, 3;
    %assign/vec4 v0x55ca1cd8c680_0, 0;
    %pushi/vec4 0, 0, 6;
    %assign/vec4 v0x55ca1cd8c130_0, 0;
    %jmp T_1.1;
T_1.0 ;
    %load/vec4 v0x55ca1cd8c680_0;
    %dup/vec4;
    %pushi/vec4 4, 0, 3;
    %cmp/u;
    %jmp/1 T_1.2, 6;
    %dup/vec4;
    %pushi/vec4 2, 0, 3;
    %cmp/u;
    %jmp/1 T_1.3, 6;
    %dup/vec4;
    %pushi/vec4 1, 0, 3;
    %cmp/u;
    %jmp/1 T_1.4, 6;
    %pushi/vec4 4, 0, 3;
    %assign/vec4 v0x55ca1cd8c680_0, 0;
    %pushi/vec4 0, 0, 6;
    %assign/vec4 v0x55ca1cd8c130_0, 0;
    %jmp T_1.6;
T_1.2 ;
    %load/vec4 v0x55ca1cd8c130_0;
    %cmpi/e 17, 0, 6;
    %jmp/0xz  T_1.7, 4;
    %pushi/vec4 2, 0, 3;
    %assign/vec4 v0x55ca1cd8c680_0, 0;
    %pushi/vec4 0, 0, 6;
    %assign/vec4 v0x55ca1cd8c130_0, 0;
    %jmp T_1.8;
T_1.7 ;
    %pushi/vec4 4, 0, 3;
    %assign/vec4 v0x55ca1cd8c680_0, 0;
    %load/vec4 v0x55ca1cd8c130_0;
    %addi 1, 0, 6;
    %assign/vec4 v0x55ca1cd8c130_0, 0;
T_1.8 ;
    %jmp T_1.6;
T_1.3 ;
    %load/vec4 v0x55ca1cd8c130_0;
    %cmpi/e 35, 0, 6;
    %jmp/0xz  T_1.9, 4;
    %pushi/vec4 1, 0, 3;
    %assign/vec4 v0x55ca1cd8c680_0, 0;
    %pushi/vec4 0, 0, 6;
    %assign/vec4 v0x55ca1cd8c130_0, 0;
    %jmp T_1.10;
T_1.9 ;
    %pushi/vec4 2, 0, 3;
    %assign/vec4 v0x55ca1cd8c680_0, 0;
    %load/vec4 v0x55ca1cd8c130_0;
    %addi 1, 0, 6;
    %assign/vec4 v0x55ca1cd8c130_0, 0;
T_1.10 ;
    %jmp T_1.6;
T_1.4 ;
    %pushi/vec4 1, 0, 3;
    %assign/vec4 v0x55ca1cd8c680_0, 0;
    %load/vec4 v0x55ca1cd8c130_0;
    %addi 1, 0, 6;
    %assign/vec4 v0x55ca1cd8c130_0, 0;
    %jmp T_1.6;
T_1.6 ;
    %pop/vec4 1;
T_1.1 ;
    %jmp T_1;
    .thread T_1;
    .scope S_0x55ca1cd8b8e0;
T_2 ;
Ewait_0 .event/or E_0x55ca1cd7c410, E_0x0;
    %wait Ewait_0;
    %load/vec4 v0x55ca1cd8c300_0;
    %flag_set/vec4 8;
    %jmp/0xz  T_2.0, 8;
    %pushi/vec4 1, 0, 1;
    %store/vec4 v0x55ca1cd8c3c0_0, 0, 1;
    %pushi/vec4 0, 0, 1;
    %store/vec4 v0x55ca1cd8c480_0, 0, 1;
    %jmp T_2.1;
T_2.0 ;
    %load/vec4 v0x55ca1cd8c240_0;
    %flag_set/vec4 8;
    %jmp/0xz  T_2.2, 8;
    %pushi/vec4 0, 0, 1;
    %store/vec4 v0x55ca1cd8c480_0, 0, 1;
    %load/vec4 v0x55ca1cd8c130_0;
    %pushi/vec4 0, 0, 6;
    %cmp/ne;
    %flag_get/vec4 4;
    %store/vec4 v0x55ca1cd8c3c0_0, 0, 1;
    %jmp T_2.3;
T_2.2 ;
    %load/vec4 v0x55ca1cd8c130_0;
    %pushi/vec4 5, 0, 6;
    %mod;
    %pushi/vec4 4, 0, 6;
    %cmp/e;
    %flag_get/vec4 4;
    %store/vec4 v0x55ca1cd8c3c0_0, 0, 1;
    %pushi/vec4 1, 0, 1;
    %store/vec4 v0x55ca1cd8c480_0, 0, 1;
T_2.3 ;
T_2.1 ;
    %jmp T_2;
    .thread T_2, $push;
    .scope S_0x55ca1cd8db80;
T_3 ;
    %pushi/vec4 662217573, 0, 32;
    %store/vec4 v0x55ca1cd8ddd0_0, 0, 32;
    %end;
    .thread T_3, $init;
    .scope S_0x55ca1cd8c880;
T_4 ;
    %wait E_0x55ca1cca2da0;
    %load/vec4 v0x55ca1cd8efc0_0;
    %flag_set/vec4 8;
    %jmp/0xz  T_4.0, 8;
    %pushi/vec4 0, 0, 17;
    %assign/vec4 v0x55ca1cd8e650_0, 0;
    %jmp T_4.1;
T_4.0 ;
    %load/vec4 v0x55ca1cd8ee30_0;
    %load/vec4 v0x55ca1cd8e650_0;
    %parti/s 16, 1, 2;
    %concat/vec4; draw_concat_vec4
    %assign/vec4 v0x55ca1cd8e650_0, 0;
T_4.1 ;
    %jmp T_4;
    .thread T_4;
    .scope S_0x55ca1cd90770;
T_5 ;
    %pushi/vec4 662217573, 0, 32;
    %store/vec4 v0x55ca1cd909c0_0, 0, 32;
    %end;
    .thread T_5, $init;
    .scope S_0x55ca1cd8f2c0;
T_6 ;
    %wait E_0x55ca1cca2da0;
    %load/vec4 v0x55ca1cd91d10_0;
    %flag_set/vec4 8;
    %jmp/0xz  T_6.0, 8;
    %pushi/vec4 0, 0, 16;
    %assign/vec4 v0x55ca1cd91240_0, 0;
    %jmp T_6.1;
T_6.0 ;
    %load/vec4 v0x55ca1cd91ac0_0;
    %load/vec4 v0x55ca1cd91240_0;
    %parti/s 15, 1, 2;
    %concat/vec4; draw_concat_vec4
    %assign/vec4 v0x55ca1cd91240_0, 0;
T_6.1 ;
    %jmp T_6;
    .thread T_6;
    .scope S_0x55ca1cd960b0;
T_7 ;
    %wait E_0x55ca1cca2da0;
    %load/vec4 v0x55ca1cd96450_0;
    %flag_set/vec4 8;
    %jmp/0xz  T_7.0, 8;
    %pushi/vec4 0, 0, 5;
    %assign/vec4 v0x55ca1cd96520_0, 0;
    %jmp T_7.1;
T_7.0 ;
    %load/vec4 v0x55ca1cd96520_0;
    %parti/s 4, 0, 2;
    %load/vec4 v0x55ca1cd96390_0;
    %concat/vec4; draw_concat_vec4
    %assign/vec4 v0x55ca1cd96520_0, 0;
T_7.1 ;
    %jmp T_7;
    .thread T_7;
    .scope S_0x55ca1cd927e0;
T_8 ;
    %pushi/vec4 69196957, 0, 32;
    %store/vec4 v0x55ca1cd92a10_0, 0, 32;
    %end;
    .thread T_8, $init;
    .scope S_0x55ca1cd92230;
T_9 ;
    %pushi/vec4 662217573, 0, 32;
    %store/vec4 v0x55ca1cd924a0_0, 0, 32;
    %end;
    .thread T_9, $init;
    .scope S_0x55ca1cd91f90;
T_10 ;
    %pushi/vec4 0, 0, 4;
    %load/vec4 v0x55ca1cd95f00_0;
    %concat/vec4; draw_concat_vec4
    %store/vec4 v0x55ca1cd95cd0_0, 0, 5;
    %end;
    .thread T_10, $init;
    .scope S_0x55ca1cd91f90;
T_11 ;
    %wait E_0x55ca1cca2da0;
    %load/vec4 v0x55ca1cd95da0_0;
    %flag_set/vec4 8;
    %jmp/0xz  T_11.0, 8;
    %pushi/vec4 0, 0, 5;
    %assign/vec4 v0x55ca1cd95250_0, 0;
    %pushi/vec4 0, 0, 5;
    %assign/vec4 v0x55ca1cd95170_0, 0;
    %pushi/vec4 0, 0, 5;
    %assign/vec4 v0x55ca1cd95090_0, 0;
    %pushi/vec4 0, 0, 5;
    %assign/vec4 v0x55ca1cd94fc0_0, 0;
    %pushi/vec4 0, 0, 5;
    %assign/vec4 v0x55ca1cd94f00_0, 0;
    %pushi/vec4 0, 0, 5;
    %assign/vec4 v0x55ca1cd94e20_0, 0;
    %jmp T_11.1;
T_11.0 ;
    %load/vec4 v0x55ca1cd957f0_0;
    %flag_set/vec4 8;
    %jmp/0xz  T_11.2, 8;
    %load/vec4 v0x55ca1cd95720_0;
    %assign/vec4 v0x55ca1cd95250_0, 0;
    %load/vec4 v0x55ca1cd95250_0;
    %assign/vec4 v0x55ca1cd95170_0, 0;
    %load/vec4 v0x55ca1cd95170_0;
    %assign/vec4 v0x55ca1cd95090_0, 0;
    %load/vec4 v0x55ca1cd95090_0;
    %assign/vec4 v0x55ca1cd94fc0_0, 0;
    %load/vec4 v0x55ca1cd94fc0_0;
    %assign/vec4 v0x55ca1cd94f00_0, 0;
    %load/vec4 v0x55ca1cd94f00_0;
    %assign/vec4 v0x55ca1cd94e20_0, 0;
T_11.2 ;
T_11.1 ;
    %jmp T_11;
    .thread T_11;
    .scope S_0x55ca1cd759c0;
T_12 ;
    %wait E_0x55ca1cca2da0;
    %load/vec4 v0x55ca1cd8b230_0;
    %flag_set/vec4 8;
    %jmp/0xz  T_12.0, 8;
    %pushi/vec4 0, 0, 8;
    %assign/vec4 v0x55ca1cd8b2f0_0, 0;
    %pushi/vec4 0, 0, 3;
    %assign/vec4 v0x55ca1cd6c090_0, 0;
    %pushi/vec4 0, 0, 8;
    %assign/vec4 v0x55ca1ccb3340_0, 0;
    %pushi/vec4 0, 0, 1;
    %assign/vec4 v0x55ca1cd6c130_0, 0;
    %jmp T_12.1;
T_12.0 ;
    %load/vec4 v0x55ca1cd67040_0;
    %flag_set/vec4 9;
    %flag_get/vec4 9;
    %jmp/0 T_12.4, 9;
    %load/vec4 v0x55ca1cd60c90_0;
    %and;
T_12.4;
    %flag_set/vec4 8;
    %jmp/0xz  T_12.2, 8;
    %load/vec4 v0x55ca1cd8b2f0_0;
    %parti/s 7, 0, 2;
    %load/vec4 v0x55ca1cd60d90_0;
    %concat/vec4; draw_concat_vec4
    %assign/vec4 v0x55ca1cd8b2f0_0, 0;
    %load/vec4 v0x55ca1cd6c090_0;
    %addi 1, 0, 3;
    %assign/vec4 v0x55ca1cd6c090_0, 0;
    %load/vec4 v0x55ca1cd6c090_0;
    %cmpi/e 7, 0, 3;
    %jmp/0xz  T_12.5, 4;
    %load/vec4 v0x55ca1cd8b2f0_0;
    %parti/s 7, 0, 2;
    %load/vec4 v0x55ca1cd60d90_0;
    %concat/vec4; draw_concat_vec4
    %assign/vec4 v0x55ca1ccb3340_0, 0;
    %pushi/vec4 1, 0, 1;
    %assign/vec4 v0x55ca1cd6c130_0, 0;
    %pushi/vec4 0, 0, 3;
    %assign/vec4 v0x55ca1cd6c090_0, 0;
    %jmp T_12.6;
T_12.5 ;
    %pushi/vec4 0, 0, 1;
    %assign/vec4 v0x55ca1cd6c130_0, 0;
T_12.6 ;
    %jmp T_12.3;
T_12.2 ;
    %pushi/vec4 0, 0, 1;
    %assign/vec4 v0x55ca1cd6c130_0, 0;
T_12.3 ;
T_12.1 ;
    %jmp T_12;
    .thread T_12;
    .scope S_0x55ca1cd6e0c0;
T_13 ;
    %delay 5000, 0;
    %load/vec4 v0x55ca1cd97410_0;
    %inv;
    %assign/vec4 v0x55ca1cd97410_0, 0;
    %jmp T_13;
    .thread T_13;
    .scope S_0x55ca1cd6e0c0;
T_14 ;
    %vpi_call/w 3 16 "$dumpfile", "test_bitcollect.vcd" {0 0 0};
    %vpi_call/w 3 17 "$dumpvars", 32'sb00000000000000000000000000000000, S_0x55ca1cd6e0c0 {0 0 0};
    %end;
    .thread T_14;
    .scope S_0x55ca1cd6e0c0;
T_15 ;
    %wait E_0x55ca1ccdce20;
    %load/vec4 v0x55ca1cd97350_0;
    %flag_set/vec4 8;
    %jmp/0xz  T_15.0, 8;
    %vpi_call/w 3 77 "$display", "Collected Byte: 0x%02x at time %0t", v0x55ca1cd974b0_0, $time {0 0 0};
T_15.0 ;
    %jmp T_15;
    .thread T_15;
    .scope S_0x55ca1cd6e0c0;
T_16 ;
    %pushi/vec4 0, 0, 1;
    %store/vec4 v0x55ca1cd97410_0, 0, 1;
    %pushi/vec4 1, 0, 1;
    %store/vec4 v0x55ca1cd975b0_0, 0, 1;
    %delay 20000, 0;
    %pushi/vec4 0, 0, 1;
    %store/vec4 v0x55ca1cd975b0_0, 0, 1;
    %delay 10000, 0;
    %vpi_call/w 3 92 "$display", "Testing TRNG + Bit Collector integration..." {0 0 0};
    %alloc S_0x55ca1cd8b4b0;
    %fork TD_test_bitcollect.test_trng_collector_operation, S_0x55ca1cd8b4b0;
    %join;
    %free S_0x55ca1cd8b4b0;
    %delay 200000, 0;
    %vpi_call/w 3 96 "$display", "TRNG + Bit Collector test completed!" {0 0 0};
    %vpi_call/w 3 97 "$finish" {0 0 0};
    %end;
    .thread T_16;
# The file index is used to find the file name in the following table.
:file_names 15;
    "N/A";
    "<interactive>";
    "-";
    "test_bitcollect.sv";
    "/home/asic/workspace/mt_trng/rtl/bit_collector.sv";
    "/home/asic/workspace/mt_trng/rtl/trng.sv";
    "/home/asic/workspace/mt_trng/rtl/fsm.sv";
    "/home/asic/workspace/mt_trng/rtl/NLFSR1.sv";
    "/home/asic/workspace/mt_trng/rtl/mux2to1.sv";
    "/home/asic/workspace/mt_trng/rtl/WGT1_5.sv";
    "/home/asic/workspace/mt_trng/rtl/NLFSR2.sv";
    "/home/asic/workspace/mt_trng/rtl/NLFSR3.sv";
    "/home/asic/workspace/mt_trng/rtl/WGT2_5.sv";
    "/home/asic/workspace/mt_trng/rtl/gamma_mult.sv";
    "/home/asic/workspace/mt_trng/rtl/shift5.sv";
