#! /foss/tools/iverilog/bin/vvp
:ivl_version "13.0 (devel)" "(s20250103-26-gb0c57ab1-dirty)";
:ivl_delay_selection "TYPICAL";
:vpi_time_precision - 12;
:vpi_module "/foss/tools/iverilog/lib/ivl/system.vpi";
:vpi_module "/foss/tools/iverilog/lib/ivl/vhdl_sys.vpi";
:vpi_module "/foss/tools/iverilog/lib/ivl/vhdl_textio.vpi";
:vpi_module "/foss/tools/iverilog/lib/ivl/v2005_math.vpi";
:vpi_module "/foss/tools/iverilog/lib/ivl/va_math.vpi";
:vpi_module "/foss/tools/iverilog/lib/ivl/v2009.vpi";
S_0x55810f0def60 .scope package, "$unit" "$unit" 2 1;
 .timescale 0 0;
S_0x55810f0df0f0 .scope module, "test_fsm" "test_fsm" 3 2;
 .timescale -9 -12;
P_0x55810f0b8180 .param/l "CLK_PERIOD" 1 3 7, +C4<00000000000000000000000000001010>;
v0x55810f10b970_0 .var "clk", 0 0;
v0x55810f10ba30_0 .net "fsm_init_en", 0 0, L_0x55810f10bf70;  1 drivers
v0x55810f10bad0_0 .net "fsm_load_en", 0 0, L_0x55810f10be30;  1 drivers
v0x55810f10bb70_0 .net "fsm_nlfsr3_ce", 0 0, v0x55810f10afa0_0;  1 drivers
v0x55810f10bc40_0 .net "fsm_run_en", 0 0, L_0x55810f10c100;  1 drivers
v0x55810f10bd30_0 .var "rst", 0 0;
S_0x55810f0b0ed0 .scope module, "fsm_inst" "fsm" 3 23, 4 1 0, S_0x55810f0df0f0;
 .timescale -9 -12;
    .port_info 0 /INPUT 1 "clk";
    .port_info 1 /INPUT 1 "rst";
    .port_info 2 /OUTPUT 1 "load_en";
    .port_info 3 /OUTPUT 1 "init_en";
    .port_info 4 /OUTPUT 1 "run_en";
    .port_info 5 /OUTPUT 1 "nlfsr3_ce";
    .port_info 6 /OUTPUT 1 "output_en";
P_0x55810f0b1060 .param/l "INIT" 1 4 14, C4<010>;
P_0x55810f0b10a0 .param/l "LOAD" 1 4 13, C4<100>;
P_0x55810f0b10e0 .param/l "RUN" 1 4 15, C4<001>;
L_0x7f2d47df6018 .functor BUFT 1, C4<100>, C4<0>, C4<0>, C4<0>;
v0x55810f06f480_0 .net/2u *"_ivl_0", 2 0, L_0x7f2d47df6018;  1 drivers
L_0x7f2d47df6060 .functor BUFT 1, C4<010>, C4<0>, C4<0>, C4<0>;
v0x55810f070170_0 .net/2u *"_ivl_4", 2 0, L_0x7f2d47df6060;  1 drivers
L_0x7f2d47df60a8 .functor BUFT 1, C4<001>, C4<0>, C4<0>, C4<0>;
v0x55810f058340_0 .net/2u *"_ivl_8", 2 0, L_0x7f2d47df60a8;  1 drivers
v0x55810f10ac80_0 .net "clk", 0 0, v0x55810f10b970_0;  1 drivers
v0x55810f10ad40_0 .var "cnt", 5 0;
v0x55810f10ae20_0 .net "init_en", 0 0, L_0x55810f10bf70;  alias, 1 drivers
v0x55810f10aee0_0 .net "load_en", 0 0, L_0x55810f10be30;  alias, 1 drivers
v0x55810f10afa0_0 .var "nlfsr3_ce", 0 0;
v0x55810f10b060_0 .var "output_en", 0 0;
v0x55810f10b120_0 .net "rst", 0 0, v0x55810f10bd30_0;  1 drivers
v0x55810f10b1e0_0 .net "run_en", 0 0, L_0x55810f10c100;  alias, 1 drivers
v0x55810f10b2a0_0 .var "state", 2 0;
E_0x55810f080b80 .event anyedge, v0x55810f10aee0_0, v0x55810f10ae20_0, v0x55810f10ad40_0;
E_0x55810f047da0 .event posedge, v0x55810f10b120_0, v0x55810f10ac80_0;
L_0x55810f10be30 .cmp/eq 3, v0x55810f10b2a0_0, L_0x7f2d47df6018;
L_0x55810f10bf70 .cmp/eq 3, v0x55810f10b2a0_0, L_0x7f2d47df6060;
L_0x55810f10c100 .cmp/eq 3, v0x55810f10b2a0_0, L_0x7f2d47df60a8;
S_0x55810f10b460 .scope autotask, "test_fsm_states" "test_fsm_states" 3 32, 3 32 0, S_0x55810f0df0f0;
 .timescale -9 -12;
E_0x55810f081e20 .event posedge, v0x55810f10ac80_0;
TD_test_fsm.test_fsm_states ;
    %load/vec4 v0x55810f10bad0_0;
    %cmpi/e 1, 0, 1;
    %flag_get/vec4 4;
    %jmp/0 T_0.3, 4;
    %load/vec4 v0x55810f10ba30_0;
    %pushi/vec4 0, 0, 1;
    %cmp/e;
    %flag_get/vec4 4;
    %and;
T_0.3;
    %flag_set/vec4 9;
    %flag_get/vec4 9;
    %jmp/0 T_0.2, 9;
    %load/vec4 v0x55810f10bc40_0;
    %pushi/vec4 0, 0, 1;
    %cmp/e;
    %flag_get/vec4 4;
    %and;
T_0.2;
    %flag_set/vec4 8;
    %jmp/0xz  T_0.0, 8;
    %jmp T_0.1;
T_0.0 ;
    %vpi_call/w 3 36 "$error", "FSM not in correct LOAD state at startup" {0 0 0};
T_0.1 ;
    %pushi/vec4 17, 0, 32;
T_0.4 %dup/vec4;
    %cmpi/s 0, 0, 32;
    %jmp/1xz T_0.5, 5;
    %jmp/1 T_0.5, 4;
    %subi 1, 0, 32;
    %wait E_0x55810f081e20;
    %jmp T_0.4;
T_0.5 ;
    %pop/vec4 1;
    %load/vec4 v0x55810f10bad0_0;
    %cmpi/e 0, 0, 1;
    %flag_get/vec4 4;
    %jmp/0 T_0.9, 4;
    %load/vec4 v0x55810f10ba30_0;
    %pushi/vec4 1, 0, 1;
    %cmp/e;
    %flag_get/vec4 4;
    %and;
T_0.9;
    %flag_set/vec4 9;
    %flag_get/vec4 9;
    %jmp/0 T_0.8, 9;
    %load/vec4 v0x55810f10bc40_0;
    %pushi/vec4 0, 0, 1;
    %cmp/e;
    %flag_get/vec4 4;
    %and;
T_0.8;
    %flag_set/vec4 8;
    %jmp/0xz  T_0.6, 8;
    %jmp T_0.7;
T_0.6 ;
    %vpi_call/w 3 42 "$error", "FSM did not transition to INIT state after 17 cycles" {0 0 0};
T_0.7 ;
    %pushi/vec4 36, 0, 32;
T_0.10 %dup/vec4;
    %cmpi/s 0, 0, 32;
    %jmp/1xz T_0.11, 5;
    %jmp/1 T_0.11, 4;
    %subi 1, 0, 32;
    %wait E_0x55810f081e20;
    %jmp T_0.10;
T_0.11 ;
    %pop/vec4 1;
    %load/vec4 v0x55810f10bad0_0;
    %cmpi/e 0, 0, 1;
    %flag_get/vec4 4;
    %jmp/0 T_0.15, 4;
    %load/vec4 v0x55810f10ba30_0;
    %pushi/vec4 0, 0, 1;
    %cmp/e;
    %flag_get/vec4 4;
    %and;
T_0.15;
    %flag_set/vec4 9;
    %flag_get/vec4 9;
    %jmp/0 T_0.14, 9;
    %load/vec4 v0x55810f10bc40_0;
    %pushi/vec4 1, 0, 1;
    %cmp/e;
    %flag_get/vec4 4;
    %and;
T_0.14;
    %flag_set/vec4 8;
    %jmp/0xz  T_0.12, 8;
    %jmp T_0.13;
T_0.12 ;
    %vpi_call/w 3 48 "$error", "FSM did not transition to RUN state after 36 more cycles" {0 0 0};
T_0.13 ;
    %wait E_0x55810f081e20;
    %fork t_1, S_0x55810f10b630;
    %jmp t_0;
    .scope S_0x55810f10b630;
t_1 ;
    %pushi/vec4 1, 0, 32;
    %store/vec4 v0x55810f10b870_0, 0, 32;
T_0.16 ; Top of for-loop
    %load/vec4 v0x55810f10b870_0;
    %cmpi/s 10, 0, 32;
    %flag_or 5, 4;
	  %jmp/0xz T_0.17, 5;
    %wait E_0x55810f079140;
    %load/vec4 v0x55810f10b870_0;
    %pushi/vec4 5, 0, 32;
    %mod/s;
    %cmpi/e 0, 0, 32;
    %jmp/0xz  T_0.19, 4;
    %load/vec4 v0x55810f10bb70_0;
    %cmpi/e 1, 0, 1;
    %jmp/0xz  T_0.21, 4;
    %jmp T_0.22;
T_0.21 ;
    %vpi_call/w 3 56 "$error", "FSM nlfsr3_ce not active on 5th cycle during RUN state" {0 0 0};
T_0.22 ;
    %jmp T_0.20;
T_0.19 ;
    %load/vec4 v0x55810f10bb70_0;
    %cmpi/e 0, 0, 1;
    %jmp/0xz  T_0.23, 4;
    %jmp T_0.24;
T_0.23 ;
    %vpi_call/w 3 59 "$error", "FSM nlfsr3_ce active on non-5th cycle during RUN state" {0 0 0};
T_0.24 ;
T_0.20 ;
T_0.18 ; for-loop step statement
    ; show_stmt_assign_vector: Get l-value for compressed += operand
    %load/vec4 v0x55810f10b870_0;
    %pushi/vec4 1, 0, 32;
    %add;
    %cast2;
    %store/vec4 v0x55810f10b870_0, 0, 32;
    %jmp T_0.16;
T_0.17 ; for-loop exit label
    %end;
    .scope S_0x55810f10b460;
t_0 %join;
    %end;
S_0x55810f10b630 .scope autobegin, "$ivl_for_loop0" "$ivl_for_loop0" 3 52, 3 52 0, S_0x55810f10b460;
 .timescale -9 -12;
v0x55810f10b870_0 .var/2s "i", 31 0;
E_0x55810f079140 .event posedge, v0x55810f10ac80_0;
    .scope S_0x55810f0b0ed0;
T_1 ;
    %wait E_0x55810f047da0;
    %load/vec4 v0x55810f10b120_0;
    %flag_set/vec4 8;
    %jmp/0xz  T_1.0, 8;
    %pushi/vec4 4, 0, 3;
    %assign/vec4 v0x55810f10b2a0_0, 0;
    %pushi/vec4 0, 0, 6;
    %assign/vec4 v0x55810f10ad40_0, 0;
    %jmp T_1.1;
T_1.0 ;
    %load/vec4 v0x55810f10b2a0_0;
    %dup/vec4;
    %pushi/vec4 4, 0, 3;
    %cmp/u;
    %jmp/1 T_1.2, 6;
    %dup/vec4;
    %pushi/vec4 2, 0, 3;
    %cmp/u;
    %jmp/1 T_1.3, 6;
    %dup/vec4;
    %pushi/vec4 1, 0, 3;
    %cmp/u;
    %jmp/1 T_1.4, 6;
    %pushi/vec4 4, 0, 3;
    %assign/vec4 v0x55810f10b2a0_0, 0;
    %pushi/vec4 0, 0, 6;
    %assign/vec4 v0x55810f10ad40_0, 0;
    %jmp T_1.6;
T_1.2 ;
    %load/vec4 v0x55810f10ad40_0;
    %cmpi/e 17, 0, 6;
    %jmp/0xz  T_1.7, 4;
    %pushi/vec4 2, 0, 3;
    %assign/vec4 v0x55810f10b2a0_0, 0;
    %pushi/vec4 0, 0, 6;
    %assign/vec4 v0x55810f10ad40_0, 0;
    %jmp T_1.8;
T_1.7 ;
    %pushi/vec4 4, 0, 3;
    %assign/vec4 v0x55810f10b2a0_0, 0;
    %load/vec4 v0x55810f10ad40_0;
    %addi 1, 0, 6;
    %assign/vec4 v0x55810f10ad40_0, 0;
T_1.8 ;
    %jmp T_1.6;
T_1.3 ;
    %load/vec4 v0x55810f10ad40_0;
    %cmpi/e 35, 0, 6;
    %jmp/0xz  T_1.9, 4;
    %pushi/vec4 1, 0, 3;
    %assign/vec4 v0x55810f10b2a0_0, 0;
    %pushi/vec4 0, 0, 6;
    %assign/vec4 v0x55810f10ad40_0, 0;
    %jmp T_1.10;
T_1.9 ;
    %pushi/vec4 2, 0, 3;
    %assign/vec4 v0x55810f10b2a0_0, 0;
    %load/vec4 v0x55810f10ad40_0;
    %addi 1, 0, 6;
    %assign/vec4 v0x55810f10ad40_0, 0;
T_1.10 ;
    %jmp T_1.6;
T_1.4 ;
    %pushi/vec4 1, 0, 3;
    %assign/vec4 v0x55810f10b2a0_0, 0;
    %load/vec4 v0x55810f10ad40_0;
    %addi 1, 0, 6;
    %assign/vec4 v0x55810f10ad40_0, 0;
    %jmp T_1.6;
T_1.6 ;
    %pop/vec4 1;
T_1.1 ;
    %jmp T_1;
    .thread T_1;
    .scope S_0x55810f0b0ed0;
T_2 ;
Ewait_0 .event/or E_0x55810f080b80, E_0x0;
    %wait Ewait_0;
    %load/vec4 v0x55810f10aee0_0;
    %flag_set/vec4 8;
    %jmp/0xz  T_2.0, 8;
    %pushi/vec4 1, 0, 1;
    %store/vec4 v0x55810f10afa0_0, 0, 1;
    %pushi/vec4 0, 0, 1;
    %store/vec4 v0x55810f10b060_0, 0, 1;
    %jmp T_2.1;
T_2.0 ;
    %load/vec4 v0x55810f10ae20_0;
    %flag_set/vec4 8;
    %jmp/0xz  T_2.2, 8;
    %pushi/vec4 0, 0, 1;
    %store/vec4 v0x55810f10b060_0, 0, 1;
    %load/vec4 v0x55810f10ad40_0;
    %pushi/vec4 0, 0, 6;
    %cmp/ne;
    %flag_get/vec4 4;
    %store/vec4 v0x55810f10afa0_0, 0, 1;
    %jmp T_2.3;
T_2.2 ;
    %load/vec4 v0x55810f10ad40_0;
    %pushi/vec4 5, 0, 6;
    %mod;
    %pushi/vec4 4, 0, 6;
    %cmp/e;
    %flag_get/vec4 4;
    %store/vec4 v0x55810f10afa0_0, 0, 1;
    %pushi/vec4 1, 0, 1;
    %store/vec4 v0x55810f10b060_0, 0, 1;
T_2.3 ;
T_2.1 ;
    %jmp T_2;
    .thread T_2, $push;
    .scope S_0x55810f0df0f0;
T_3 ;
    %delay 5000, 0;
    %load/vec4 v0x55810f10b970_0;
    %inv;
    %assign/vec4 v0x55810f10b970_0, 0;
    %jmp T_3;
    .thread T_3;
    .scope S_0x55810f0df0f0;
T_4 ;
    %vpi_call/w 3 16 "$dumpfile", "test_aesfsm.vcd" {0 0 0};
    %vpi_call/w 3 17 "$dumpvars", 32'sb00000000000000000000000000000000, S_0x55810f0df0f0 {0 0 0};
    %end;
    .thread T_4;
    .scope S_0x55810f0df0f0;
T_5 ;
    %pushi/vec4 0, 0, 1;
    %store/vec4 v0x55810f10b970_0, 0, 1;
    %pushi/vec4 1, 0, 1;
    %store/vec4 v0x55810f10bd30_0, 0, 1;
    %delay 20000, 0;
    %pushi/vec4 0, 0, 1;
    %store/vec4 v0x55810f10bd30_0, 0, 1;
    %delay 10000, 0;
    %vpi_call/w 3 77 "$display", "Testing FSM module..." {0 0 0};
    %alloc S_0x55810f10b460;
    %fork TD_test_fsm.test_fsm_states, S_0x55810f10b460;
    %join;
    %free S_0x55810f10b460;
    %delay 100000, 0;
    %vpi_call/w 3 82 "$display", "FSM test completed!" {0 0 0};
    %vpi_call/w 3 83 "$finish" {0 0 0};
    %end;
    .thread T_5;
# The file index is used to find the file name in the following table.
:file_names 5;
    "N/A";
    "<interactive>";
    "-";
    "test_fsm.sv";
    "/home/asic/workspace/mt_trng/rtl/fsm.sv";
